../Core/Src/main.c:221:6:SystemClock_Config	88	static,ignoring_inline_asm
../Core/Src/main.c:725:6:DrawBackgroundUI	8	static
../Core/Src/main.c:757:6:DrawThickLine	40	static
../Core/Src/main.c:775:6:in_clear_button	0	static
../Core/Src/main.c:785:6:in_run_button	0	static
../Core/Src/main.c:796:6:in_canvas_area	0	static
../Core/Src/main.c:808:6:clear_canvas	8	static
../Core/Src/main.c:817:6:extract_canvas	48	static
../Core/Src/main.c:847:6:DisplayResult	80	static
../Core/Src/main.c:120:5:main	128	static,ignoring_inline_asm
../Core/Src/main.c:874:6:HAL_TIM_PeriodElapsedCallback	0	static
../Core/Src/main.c:892:6:Error_Handler	0	static,ignoring_inline_asm
