Archive member included to satisfy reference by file (symbol)

../Middlewares/ST/AI/Lib\NetworkRuntime1010_CM4_GCC.a(ai_platform.o)
                              ./X-CUBE-AI/App/network.o (ai_buffer_array_item_set_address)
../Middlewares/ST/AI/Lib\NetworkRuntime1010_CM4_GCC.a(ai_platform_interface.o)
                              ./X-CUBE-AI/App/network.o (ai_platform_get_weights_map)
../Middlewares/ST/AI/Lib\NetworkRuntime1010_CM4_GCC.a(core_common.o)
                              ../Middlewares/ST/AI/Lib\NetworkRuntime1010_CM4_GCC.a(ai_platform_interface.o) (core_init)
../Middlewares/ST/AI/Lib\NetworkRuntime1010_CM4_GCC.a(core_convert.o)
                              ./X-CUBE-AI/App/network.o (node_convert)
../Middlewares/ST/AI/Lib\NetworkRuntime1010_CM4_GCC.a(core_mem_manager.o)
                              ../Middlewares/ST/AI/Lib\NetworkRuntime1010_CM4_GCC.a(ai_platform_interface.o) (core_mem_alloc)
../Middlewares/ST/AI/Lib\NetworkRuntime1010_CM4_GCC.a(layers.o)
                              ../Middlewares/ST/AI/Lib\NetworkRuntime1010_CM4_GCC.a(ai_platform_interface.o) (ai_check_custom_types)
../Middlewares/ST/AI/Lib\NetworkRuntime1010_CM4_GCC.a(layers_conv2d_sssa8_ch.o)
                              ./X-CUBE-AI/App/network.o (forward_conv2d_deep_3x3_sssa8_ch)
../Middlewares/ST/AI/Lib\NetworkRuntime1010_CM4_GCC.a(layers_conv2d_stm32_integer.o)
                              ./X-CUBE-AI/App/network.o (forward_dense_integer_SSSA)
../Middlewares/ST/AI/Lib\NetworkRuntime1010_CM4_GCC.a(layers_dw_sssa8_ch.o)
                              ./X-CUBE-AI/App/network.o (forward_dw_3x3_sssa8_ch)
../Middlewares/ST/AI/Lib\NetworkRuntime1010_CM4_GCC.a(layers_generic_float.o)
                              ./X-CUBE-AI/App/network.o (forward_pad)
../Middlewares/ST/AI/Lib\NetworkRuntime1010_CM4_GCC.a(layers_nl_stm32_integer.o)
                              ./X-CUBE-AI/App/network.o (forward_sm_integer)
../Middlewares/ST/AI/Lib\NetworkRuntime1010_CM4_GCC.a(layers_pad_generic.o)
                              ../Middlewares/ST/AI/Lib\NetworkRuntime1010_CM4_GCC.a(layers_generic_float.o) (forward_pad_8bit_ch1st_3x3_constant)
../Middlewares/ST/AI/Lib\NetworkRuntime1010_CM4_GCC.a(layers_pool_stm32_integer.o)
                              ./X-CUBE-AI/App/network.o (forward_ap_integer_INT8)
../Middlewares/ST/AI/Lib\NetworkRuntime1010_CM4_GCC.a(layers_pw_sssa8_ch.o)
                              ./X-CUBE-AI/App/network.o (forward_pw_sssa8_ch)
../Middlewares/ST/AI/Lib\NetworkRuntime1010_CM4_GCC.a(layers_resize.o)
                              ../Middlewares/ST/AI/Lib\NetworkRuntime1010_CM4_GCC.a(layers_generic_float.o) (forward_resize_nearest_if32of32)
../Middlewares/ST/AI/Lib\NetworkRuntime1010_CM4_GCC.a(layers_conv2d_integer_scratch.o)
                              ../Middlewares/ST/AI/Lib\NetworkRuntime1010_CM4_GCC.a(layers.o) (get_dense_scratch_size_s8)
../Middlewares/ST/AI/Lib\NetworkRuntime1010_CM4_GCC.a(forward_lite_argminmax.o)
                              ../Middlewares/ST/AI/Lib\NetworkRuntime1010_CM4_GCC.a(layers_generic_float.o) (forward_lite_argmax_if32)
../Middlewares/ST/AI/Lib\NetworkRuntime1010_CM4_GCC.a(forward_lite_convert.o)
                              ../Middlewares/ST/AI/Lib\NetworkRuntime1010_CM4_GCC.a(core_convert.o) (forward_lite_node_convert_is1os8)
../Middlewares/ST/AI/Lib\NetworkRuntime1010_CM4_GCC.a(forward_lite_dense_is8os8ws8_ch.o)
                              ../Middlewares/ST/AI/Lib\NetworkRuntime1010_CM4_GCC.a(layers_conv2d_stm32_integer.o) (forward_lite_dense_is8os8ws8_ch)
../Middlewares/ST/AI/Lib\NetworkRuntime1010_CM4_GCC.a(forward_lite_dense_is8os8ws8.o)
                              ../Middlewares/ST/AI/Lib\NetworkRuntime1010_CM4_GCC.a(layers_conv2d_stm32_integer.o) (forward_lite_dense_is8os8ws8)
../Middlewares/ST/AI/Lib\NetworkRuntime1010_CM4_GCC.a(forward_lite_maxpool_is8os8_scalepos.o)
                              ../Middlewares/ST/AI/Lib\NetworkRuntime1010_CM4_GCC.a(layers_pool_stm32_integer.o) (forward_lite_maxpool_is8os8_scalepos)
../Middlewares/ST/AI/Lib\NetworkRuntime1010_CM4_GCC.a(forward_lite_avepool_is8os8.o)
                              ../Middlewares/ST/AI/Lib\NetworkRuntime1010_CM4_GCC.a(layers_pool_stm32_integer.o) (forward_lite_avepool_is8os8)
../Middlewares/ST/AI/Lib\NetworkRuntime1010_CM4_GCC.a(forward_lite_dw_sssa8_ch.o)
                              ../Middlewares/ST/AI/Lib\NetworkRuntime1010_CM4_GCC.a(layers_dw_sssa8_ch.o) (st_dw_sssa8_ch_Wadapt)
../Middlewares/ST/AI/Lib\NetworkRuntime1010_CM4_GCC.a(forward_lite_pw_sssa8_ch.o)
                              ../Middlewares/ST/AI/Lib\NetworkRuntime1010_CM4_GCC.a(layers_pw_sssa8_ch.o) (forward_lite_pw_sssa8_ch)
../Middlewares/ST/AI/Lib\NetworkRuntime1010_CM4_GCC.a(forward_lite_conv2d_sssa8_ch.o)
                              ../Middlewares/ST/AI/Lib\NetworkRuntime1010_CM4_GCC.a(layers_conv2d_sssa8_ch.o) (forward_lite_conv2d_dilated_sssa8_ch)
[...]
Memory Configuration

Name             Origin             Length             Attributes
CCMRAM           0x10000000         0x00010000         xrw
RAM              0x20000000         0x00030000         xrw
FLASH            0x08000000         0x00200000         xr
*default*        0x00000000         0xffffffff

Linker script and memory map

LOAD C:/ST/STM32CubeIDE_1.17.0/STM32CubeIDE/plugins/com.st.stm32cube.ide.mcu.externaltools.gnu-tools-for-stm32.13.3.rel1.win32_1.0.0.202411081344/tools/bin/../lib/gcc/arm-none-eabi/13.3.1/thumb/v7e-m+fp/hard/crti.o
LOAD C:/ST/STM32CubeIDE_1.17.0/STM32CubeIDE/plugins/com.st.stm32cube.ide.mcu.externaltools.gnu-tools-for-stm32.13.3.rel1.win32_1.0.0.202411081344/tools/bin/../lib/gcc/arm-none-eabi/13.3.1/thumb/v7e-m+fp/hard/crtbegin.o
LOAD C:/ST/STM32CubeIDE_1.17.0/STM32CubeIDE/plugins/com.st.stm32cube.ide.mcu.externaltools.gnu-tools-for-stm32.13.3.rel1.win32_1.0.0.202411081344/tools/bin/../lib/gcc/arm-none-eabi/13.3.1/../../../../arm-none-eabi/lib/thumb/v7e-m+fp/hard/crt0.o
LOAD ./Core/Src/main.o
LOAD ./Core/Src/stm32f4xx_hal_msp.o
LOAD ./Core/Src/stm32f4xx_hal_timebase_tim.o
LOAD ./Core/Src/stm32f4xx_it.o
LOAD ./Core/Src/syscalls.o
LOAD ./Core/Src/sysmem.o
LOAD ./Core/Src/system_stm32f4xx.o
LOAD ./Core/Startup/startup_stm32f429zitx.o
LOAD ./Drivers/BSP/Components/ili9341/ili9341.o
LOAD ./Drivers/BSP/Components/stmpe811/stmpe811.o
LOAD ./Drivers/BSP/STM32F429I-Discovery/stm32f429i_discovery.o
LOAD ./Drivers/BSP/STM32F429I-Discovery/stm32f429i_discovery_eeprom.o
LOAD ./Drivers/BSP/STM32F429I-Discovery/stm32f429i_discovery_io.o
LOAD ./Drivers/BSP/STM32F429I-Discovery/stm32f429i_discovery_lcd.o
LOAD ./Drivers/BSP/STM32F429I-Discovery/stm32f429i_discovery_sdram.o
LOAD ./Drivers/BSP/STM32F429I-Discovery/stm32f429i_discovery_ts.o
LOAD ./Drivers/STM32F4xx_HAL_Driver/Src/stm32f4xx_hal.o
LOAD ./Drivers/STM32F4xx_HAL_Driver/Src/stm32f4xx_hal_cortex.o
LOAD ./Drivers/STM32F4xx_HAL_Driver/Src/stm32f4xx_hal_crc.o
LOAD ./Drivers/STM32F4xx_HAL_Driver/Src/stm32f4xx_hal_dma.o
LOAD ./Drivers/STM32F4xx_HAL_Driver/Src/stm32f4xx_hal_dma2d.o
LOAD ./Drivers/STM32F4xx_HAL_Driver/Src/stm32f4xx_hal_dma_ex.o
LOAD ./Drivers/STM32F4xx_HAL_Driver/Src/stm32f4xx_hal_dsi.o
LOAD ./Drivers/STM32F4xx_HAL_Driver/Src/stm32f4xx_hal_exti.o
LOAD ./Drivers/STM32F4xx_HAL_Driver/Src/stm32f4xx_hal_flash.o
LOAD ./Drivers/STM32F4xx_HAL_Driver/Src/stm32f4xx_hal_flash_ex.o
LOAD ./Drivers/STM32F4xx_HAL_Driver/Src/stm32f4xx_hal_flash_ramfunc.o
LOAD ./Drivers/STM32F4xx_HAL_Driver/Src/stm32f4xx_hal_gpio.o
LOAD ./Drivers/STM32F4xx_HAL_Driver/Src/stm32f4xx_hal_hcd.o
LOAD ./Drivers/STM32F4xx_HAL_Driver/Src/stm32f4xx_hal_i2c.o
LOAD ./Drivers/STM32F4xx_HAL_Driver/Src/stm32f4xx_hal_i2c_ex.o
LOAD ./Drivers/STM32F4xx_HAL_Driver/Src/stm32f4xx_hal_ltdc.o
LOAD ./Drivers/STM32F4xx_HAL_Driver/Src/stm32f4xx_hal_ltdc_ex.o
LOAD ./Drivers/STM32F4xx_HAL_Driver/Src/stm32f4xx_hal_nand.o
LOAD ./Drivers/STM32F4xx_HAL_Driver/Src/stm32f4xx_hal_nor.o
LOAD ./Drivers/STM32F4xx_HAL_Driver/Src/stm32f4xx_hal_pccard.o
LOAD ./Drivers/STM32F4xx_HAL_Driver/Src/stm32f4xx_hal_pwr.o
LOAD ./Drivers/STM32F4xx_HAL_Driver/Src/stm32f4xx_hal_pwr_ex.o
LOAD ./Drivers/STM32F4xx_HAL_Driver/Src/stm32f4xx_hal_rcc.o
LOAD ./Drivers/STM32F4xx_HAL_Driver/Src/stm32f4xx_hal_rcc_ex.o
LOAD ./Drivers/STM32F4xx_HAL_Driver/Src/stm32f4xx_hal_sdram.o
LOAD ./Drivers/STM32F4xx_HAL_Driver/Src/stm32f4xx_hal_spi.o
LOAD ./Drivers/STM32F4xx_HAL_Driver/Src/stm32f4xx_hal_sram.o
LOAD ./Drivers/STM32F4xx_HAL_Driver/Src/stm32f4xx_hal_tim.o
LOAD ./Drivers/STM32F4xx_HAL_Driver/Src/stm32f4xx_hal_tim_ex.o
LOAD ./Drivers/STM32F4xx_HAL_Driver/Src/stm32f4xx_hal_uart.o
LOAD ./Drivers/STM32F4xx_HAL_Driver/Src/stm32f4xx_ll_fmc.o
LOAD ./Drivers/STM32F4xx_HAL_Driver/Src/stm32f4xx_ll_usb.o
LOAD ./X-CUBE-AI/App/app_x-cube-ai.o
LOAD ./X-CUBE-AI/App/network.o
LOAD ./X-CUBE-AI/App/network_data.o
LOAD ./X-CUBE-AI/App/network_data_params.o
LOAD ../Middlewares/ST/AI/Lib\NetworkRuntime1010_CM4_GCC.a
START GROUP
LOAD C:/ST/STM32CubeIDE_1.17.0/STM32CubeIDE/plugins/com.st.stm32cube.ide.mcu.externaltools.gnu-tools-for-stm32.13.3.rel1.win32_1.0.0.202411081344/tools/bin/../lib/gcc/arm-none-eabi/13.3.1/../../../../arm-none-eabi/lib/thumb/v7e-m+fp/hard\libc_nano.a
LOAD C:/ST/STM32CubeIDE_1.17.0/STM32CubeIDE/plugins/com.st.stm32cube.ide.mcu.externaltools.gnu-tools-for-stm32.13.3.rel1.win32_1.0.0.202411081344/tools/bin/../lib/gcc/arm-none-eabi/13.3.1/../../../../arm-none-eabi/lib/thumb/v7e-m+fp/hard\libm.a
END GROUP
START GROUP
LOAD C:/ST/STM32CubeIDE_1.17.0/STM32CubeIDE/plugins/com.st.stm32cube.ide.mcu.externaltools.gnu-tools-for-stm32.13.3.rel1.win32_1.0.0.202411081344/tools/bin/../lib/gcc/arm-none-eabi/13.3.1/thumb/v7e-m+fp/hard\libgcc.a
LOAD C:/ST/STM32CubeIDE_1.17.0/STM32CubeIDE/plugins/com.st.stm32cube.ide.mcu.externaltools.gnu-tools-for-stm32.13.3.rel1.win32_1.0.0.202411081344/tools/bin/../lib/gcc/arm-none-eabi/13.3.1/../../../../arm-none-eabi/lib/thumb/v7e-m+fp/hard\libc_nano.a
END GROUP
START GROUP
LOAD C:/ST/STM32CubeIDE_1.17.0/STM32CubeIDE/plugins/com.st.stm32cube.ide.mcu.externaltools.gnu-tools-for-stm32.13.3.rel1.win32_1.0.0.202411081344/tools/bin/../lib/gcc/arm-none-eabi/13.3.1/thumb/v7e-m+fp/hard\libgcc.a
LOAD C:/ST/STM32CubeIDE_1.17.0/STM32CubeIDE/plugins/com.st.stm32cube.ide.mcu.externaltools.gnu-tools-for-stm32.13.3.rel1.win32_1.0.0.202411081344/tools/bin/../lib/gcc/arm-none-eabi/13.3.1/../../../../arm-none-eabi/lib/thumb/v7e-m+fp/hard\libc_nano.a
LOAD C:/ST/STM32CubeIDE_1.17.0/STM32CubeIDE/plugins/com.st.stm32cube.ide.mcu.externaltools.gnu-tools-for-stm32.13.3.rel1.win32_1.0.0.202411081344/tools/bin/../lib/gcc/arm-none-eabi/13.3.1/../../../../arm-none-eabi/lib/thumb/v7e-m+fp/hard\libnosys.a
END GROUP
START GROUP
LOAD C:/ST/STM32CubeIDE_1.17.0/STM32CubeIDE/plugins/com.st.stm32cube.ide.mcu.externaltools.gnu-tools-for-stm32.13.3.rel1.win32_1.0.0.202411081344/tools/bin/../lib/gcc/arm-none-eabi/13.3.1/thumb/v7e-m+fp/hard\libgcc.a
LOAD C:/ST/STM32CubeIDE_1.17.0/STM32CubeIDE/plugins/com.st.stm32cube.ide.mcu.externaltools.gnu-tools-for-stm32.13.3.rel1.win32_1.0.0.202411081344/tools/bin/../lib/gcc/arm-none-eabi/13.3.1/../../../../arm-none-eabi/lib/thumb/v7e-m+fp/hard\libc_nano.a
LOAD C:/ST/STM32CubeIDE_1.17.0/STM32CubeIDE/plugins/com.st.stm32cube.ide.mcu.externaltools.gnu-tools-for-stm32.13.3.rel1.win32_1.0.0.202411081344/tools/bin/../lib/gcc/arm-none-eabi/13.3.1/../../../../arm-none-eabi/lib/thumb/v7e-m+fp/hard\libnosys.a
END GROUP
LOAD C:/ST/STM32CubeIDE_1.17.0/STM32CubeIDE/plugins/com.st.stm32cube.ide.mcu.externaltools.gnu-tools-for-stm32.13.3.rel1.win32_1.0.0.202411081344/tools/bin/../lib/gcc/arm-none-eabi/13.3.1/thumb/v7e-m+fp/hard/crtend.o
LOAD C:/ST/STM32CubeIDE_1.17.0/STM32CubeIDE/plugins/com.st.stm32cube.ide.mcu.externaltools.gnu-tools-for-stm32.13.3.rel1.win32_1.0.0.202411081344/tools/bin/../lib/gcc/arm-none-eabi/13.3.1/thumb/v7e-m+fp/hard/crtn.o
                0x20030000                        _estack = (ORIGIN (RAM) + LENGTH (RAM))
                0x00001000                        _Min_Heap_Size = 0x1000
                0x00002000                        _Min_Stack_Size = 0x2000

.isr_vector     0x08000000      0x1ac
                0x08000000                        . = ALIGN (0x4)
 *(.isr_vector)
 .isr_vector    0x08000000      0x1ac ./Core/Startup/startup_stm32f429zitx.o
                0x08000000                g_pfnVectors
                0x080001ac                        . = ALIGN (0x4)

.text           0x08010000    0x163c8
                0x08010000                        . = ALIGN (0x4)
 *(.text)
 .text          0x08010000       0x40 C:/ST/STM32CubeIDE_1.17.0/STM32CubeIDE/plugins/com.st.stm32cube.ide.mcu.externaltools.gnu-tools-for-stm32.13.3.rel1.win32_1.0.0.202411081344/tools/bin/../lib/gcc/arm-none-eabi/13.3.1/thumb/v7e-m+fp/hard/crtbegin.o
 .text          0x08010040       0xa0 C:/ST/STM32CubeIDE_1.17.0/STM32CubeIDE/plugins/com.st.stm32cube.ide.mcu.externaltools.gnu-tools-for-stm32.13.3.rel1.win32_1.0.0.202411081344/tools/bin/../lib/gcc/arm-none-eabi/13.3.1/../../../../arm-none-eabi/lib/thumb/v7e-m+fp/hard\libc_nano.a(libc_a-memchr.o)
                0x08010040                memchr
 .text          0x080100e0       0x10 C:/ST/STM32CubeIDE_1.17.0/STM32CubeIDE/plugins/com.st.stm32cube.ide.mcu.externaltools.gnu-tools-for-stm32.13.3.rel1.win32_1.0.0.202411081344/tools/bin/../lib/gcc/arm-none-eabi/13.3.1/../../../../arm-none-eabi/lib/thumb/v7e-m+fp/hard\libc_nano.a(libc_a-strlen.o)
                0x080100e0                strlen
 .text          0x080100f0      0x378 C:/ST/STM32CubeIDE_1.17.0/STM32CubeIDE/plugins/com.st.stm32cube.ide.mcu.externaltools.gnu-tools-for-stm32.13.3.rel1.win32_1.0.0.202411081344/tools/bin/../lib/gcc/arm-none-eabi/13.3.1/thumb/v7e-m+fp/hard\libgcc.a(_arm_addsubdf3.o)
                0x080100f0                __aeabi_drsub
                0x080100f8                __aeabi_dsub
                0x080100f8                __subdf3
                0x080100fc                __aeabi_dadd
                0x080100fc                __adddf3
                0x08010374                __floatunsidf
                0x08010374                __aeabi_ui2d
                0x08010394                __floatsidf
                0x08010394                __aeabi_i2d
                0x080103b8                __aeabi_f2d
                0x080103b8                __extendsfdf2
                0x080103fc                __floatundidf
                0x080103fc                __aeabi_ul2d
                0x0801040c                __floatdidf
                0x0801040c                __aeabi_l2d
 .text          0x08010468      0x424 C:/ST/STM32CubeIDE_1.17.0/STM32CubeIDE/plugins/com.st.stm32cube.ide.mcu.externaltools.gnu-tools-for-stm32.13.3.rel1.win32_1.0.0.202411081344/tools/bin/../lib/gcc/arm-none-eabi/13.3.1/thumb/v7e-m+fp/hard\libgcc.a(_arm_muldivdf3.o)
                0x08010468                __aeabi_dmul
                0x08010468                __muldf3
                0x080106bc                __divdf3
                0x080106bc                __aeabi_ddiv
 .text          0x0801088c      0x110 C:/ST/STM32CubeIDE_1.17.0/STM32CubeIDE/plugins/com.st.stm32cube.ide.mcu.externaltools.gnu-tools-for-stm32.13.3.rel1.win32_1.0.0.202411081344/tools/bin/../lib/gcc/arm-none-eabi/13.3.1/thumb/v7e-m+fp/hard\libgcc.a(_arm_cmpdf2.o)
                0x0801088c                __gtdf2
                0x0801088c                __gedf2
                0x08010894                __ltdf2
                0x08010894                __ledf2
                0x0801089c                __nedf2
                0x0801089c                __eqdf2
                0x0801089c                __cmpdf2
                0x08010918                __aeabi_cdrcmple
                0x08010928                __aeabi_cdcmpeq
                0x08010928                __aeabi_cdcmple
                0x08010938                __aeabi_dcmpeq
                0x0801094c                __aeabi_dcmplt
                0x08010960                __aeabi_dcmple
                0x08010974                __aeabi_dcmpge
                0x08010988                __aeabi_dcmpgt
 .text          0x0801099c       0x2c C:/ST/STM32CubeIDE_1.17.0/STM32CubeIDE/plugins/com.st.stm32cube.ide.mcu.externaltools.gnu-tools-for-stm32.13.3.rel1.win32_1.0.0.202411081344/tools/bin/../lib/gcc/arm-none-eabi/13.3.1/thumb/v7e-m+fp/hard\libgcc.a(_arm_unorddf2.o)
                0x0801099c                __unorddf2
                0x0801099c                __aeabi_dcmpun
 .text          0x080109c8       0x50 C:/ST/STM32CubeIDE_1.17.0/STM32CubeIDE/plugins/com.st.stm32cube.ide.mcu.externaltools.gnu-tools-for-stm32.13.3.rel1.win32_1.0.0.202411081344/tools/bin/../lib/gcc/arm-none-eabi/13.3.1/thumb/v7e-m+fp/hard\libgcc.a(_arm_fixdfsi.o)
                0x080109c8                __aeabi_d2iz
                0x080109c8                __fixdfsi
 .text          0x08010a18       0x30 C:/ST/STM32CubeIDE_1.17.0/STM32CubeIDE/plugins/com.st.stm32cube.ide.mcu.externaltools.gnu-tools-for-stm32.13.3.rel1.win32_1.0.0.202411081344/tools/bin/../lib/gcc/arm-none-eabi/13.3.1/thumb/v7e-m+fp/hard\libgcc.a(_aeabi_uldivmod.o)
                0x08010a18                __aeabi_uldivmod
 .text          0x08010a48       0x28 C:/ST/STM32CubeIDE_1.17.0/STM32CubeIDE/plugins/com.st.stm32cube.ide.mcu.externaltools.gnu-tools-for-stm32.13.3.rel1.win32_1.0.0.202411081344/tools/bin/../lib/gcc/arm-none-eabi/13.3.1/thumb/v7e-m+fp/hard\libgcc.a(_fixsfdi.o)
                0x08010a48                __fixsfdi
                0x08010a48                __aeabi_f2lz
 .text          0x08010a70       0x40 C:/ST/STM32CubeIDE_1.17.0/STM32CubeIDE/plugins/com.st.stm32cube.ide.mcu.externaltools.gnu-tools-for-stm32.13.3.rel1.win32_1.0.0.202411081344/tools/bin/../lib/gcc/arm-none-eabi/13.3.1/thumb/v7e-m+fp/hard\libgcc.a(_fixunssfdi.o)
                0x08010a70                __fixunssfdi
                0x08010a70                __aeabi_f2ulz
 .text          0x08010ab0      0x2f8 C:/ST/STM32CubeIDE_1.17.0/STM32CubeIDE/plugins/com.st.stm32cube.ide.mcu.externaltools.gnu-tools-for-stm32.13.3.rel1.win32_1.0.0.202411081344/tools/bin/../lib/gcc/arm-none-eabi/13.3.1/thumb/v7e-m+fp/hard\libgcc.a(_udivmoddi4.o)
                0x08010ab0                __udivmoddi4
 .text          0x08010da8        0x4 C:/ST/STM32CubeIDE_1.17.0/STM32CubeIDE/plugins/com.st.stm32cube.ide.mcu.externaltools.gnu-tools-for-stm32.13.3.rel1.win32_1.0.0.202411081344/tools/bin/../lib/gcc/arm-none-eabi/13.3.1/thumb/v7e-m+fp/hard\libgcc.a(_dvmd_tls.o)
                0x08010da8                __aeabi_idiv0
                0x08010da8                __aeabi_ldiv0
 .text          0x08010dac       0x40 C:/ST/STM32CubeIDE_1.17.0/STM32CubeIDE/plugins/com.st.stm32cube.ide.mcu.externaltools.gnu-tools-for-stm32.13.3.rel1.win32_1.0.0.202411081344/tools/bin/../lib/gcc/arm-none-eabi/13.3.1/thumb/v7e-m+fp/hard\libgcc.a(_arm_fixunsdfsi.o)
                0x08010dac                __aeabi_d2uiz
                0x08010dac                __fixunsdfsi
 *(.text*)
 .text.SystemClock_Config
                0x08010dec       0xa0 ./Core/Src/main.o
                0x08010dec                SystemClock_Config
 .text.DrawBackgroundUI
                0x08010e8c       0xa8 ./Core/Src/main.o
                0x08010e8c                DrawBackgroundUI
 .text.DrawThickLine
                0x08010f34       0x84 ./Core/Src/main.o
                0x08010f34                DrawThickLine
 .text.in_clear_button
                0x08010fb8       0x18 ./Core/Src/main.o
                0x08010fb8                in_clear_button
 .text.in_run_button
                0x08010fd0       0x18 ./Core/Src/main.o
                0x08010fd0                in_run_button
 .text.in_canvas_area
                0x08010fe8       0x18 ./Core/Src/main.o
                0x08010fe8                in_canvas_area
 .text.clear_canvas
                0x08011000       0x24 ./Core/Src/main.o
                0x08011000                clear_canvas
 .text.extract_canvas
                0x08011024       0xc8 ./Core/Src/main.o
                0x08011024                extract_canvas
 .text.DisplayResult
                0x080110ec       0x80 ./Core/Src/main.o
                0x080110ec                DisplayResult
 .text.startup.main
                0x0801116c      0x4f0 ./Core/Src/main.o
                0x0801116c                main
 .text.HAL_TIM_PeriodElapsedCallback
                0x0801165c       0x14 ./Core/Src/main.o
                0x0801165c                HAL_TIM_PeriodElapsedCallback
 .text.Error_Handler
                0x08011670        0x4 ./Core/Src/main.o
                0x08011670                Error_Handler
 .text.HAL_MspInit
                0x08011674       0x38 ./Core/Src/stm32f4xx_hal_msp.o
                0x08011674                HAL_MspInit
 .text.HAL_CRC_MspInit
                0x080116ac       0x30 ./Core/Src/stm32f4xx_hal_msp.o
                0x080116ac                HAL_CRC_MspInit
 .text.HAL_DMA2D_MspInit
                0x080116dc       0x44 ./Core/Src/stm32f4xx_hal_msp.o
                0x080116dc                HAL_DMA2D_MspInit
 .text.HAL_I2C_MspInit
                0x08011720       0xa4 ./Core/Src/stm32f4xx_hal_msp.o
                0x08011720                HAL_I2C_MspInit
 .text.HAL_I2C_MspDeInit
                0x080117c4       0x40 ./Core/Src/stm32f4xx_hal_msp.o
                0x080117c4                HAL_I2C_MspDeInit
 .text.HAL_LTDC_MspInit
                0x08011804      0x1b4 ./Core/Src/stm32f4xx_hal_msp.o
                0x08011804                HAL_LTDC_MspInit
 .text.HAL_SPI_MspInit
                0x080119b8       0x68 ./Core/Src/stm32f4xx_hal_msp.o
                0x080119b8                HAL_SPI_MspInit
 .text.HAL_SPI_MspDeInit
                0x08011a20       0x2c ./Core/Src/stm32f4xx_hal_msp.o
                0x08011a20                HAL_SPI_MspDeInit
 .text.HAL_TIM_Base_MspInit
                0x08011a4c       0x30 ./Core/Src/stm32f4xx_hal_msp.o
                0x08011a4c                HAL_TIM_Base_MspInit
 .text.HAL_UART_MspInit
                0x08011a7c       0x6c ./Core/Src/stm32f4xx_hal_msp.o
                0x08011a7c                HAL_UART_MspInit
 .text.HAL_HCD_MspInit
                0x08011ae8       0x90 ./Core/Src/stm32f4xx_hal_msp.o
                0x08011ae8                HAL_HCD_MspInit
 .text.HAL_SDRAM_MspInit
                0x08011b78       0xd8 ./Core/Src/stm32f4xx_hal_msp.o
                0x08011b78                HAL_SDRAM_MspInit
 .text.HAL_InitTick
                0x08011c50       0xa0 ./Core/Src/stm32f4xx_hal_timebase_tim.o
                0x08011c50                HAL_InitTick
 .text.NMI_Handler
                0x08011cf0        0x2 ./Core/Src/stm32f4xx_it.o
                0x08011cf0                NMI_Handler
 .text.HardFault_Handler
                0x08011cf2        0x2 ./Core/Src/stm32f4xx_it.o
                0x08011cf2                HardFault_Handler
 .text.MemManage_Handler
                0x08011cf4        0x2 ./Core/Src/stm32f4xx_it.o
                0x08011cf4                MemManage_Handler
 .text.BusFault_Handler
                0x08011cf6        0x2 ./Core/Src/stm32f4xx_it.o
                0x08011cf6                BusFault_Handler
 .text.UsageFault_Handler
                0x08011cf8        0x2 ./Core/Src/stm32f4xx_it.o
                0x08011cf8                UsageFault_Handler
 .text.SVC_Handler
                0x08011cfa        0x2 ./Core/Src/stm32f4xx_it.o
                0x08011cfa                SVC_Handler
 .text.DebugMon_Handler
                0x08011cfc        0x2 ./Core/Src/stm32f4xx_it.o
                0x08011cfc                DebugMon_Handler
 .text.PendSV_Handler
                0x08011cfe        0x2 ./Core/Src/stm32f4xx_it.o
                0x08011cfe                PendSV_Handler
 .text.SysTick_Handler
                0x08011d00        0x2 ./Core/Src/stm32f4xx_it.o
                0x08011d00                SysTick_Handler
 *fill*         0x08011d02        0x2 
 .text.TIM6_DAC_IRQHandler
                0x08011d04        0xc ./Core/Src/stm32f4xx_it.o
                0x08011d04                TIM6_DAC_IRQHandler
 .text.OTG_HS_IRQHandler
                0x08011d10        0xc ./Core/Src/stm32f4xx_it.o
                0x08011d10                OTG_HS_IRQHandler
 .text.LTDC_IRQHandler
                0x08011d1c        0xc ./Core/Src/stm32f4xx_it.o
                0x08011d1c                LTDC_IRQHandler
 .text.DMA2D_IRQHandler
                0x08011d28        0xc ./Core/Src/stm32f4xx_it.o
                0x08011d28                DMA2D_IRQHandler
 .text._write   0x08011d34        0x4 ./Core/Src/syscalls.o
                0x08011d34                _write
 .text._read    0x08011d38       0x10 ./Core/Src/syscalls.o
                0x08011d38                _read
 .text._close   0x08011d48       0x10 ./Core/Src/syscalls.o
                0x08011d48                _close
 .text._lseek   0x08011d58       0x10 ./Core/Src/syscalls.o
                0x08011d58                _lseek
 .text._fstat   0x08011d68        0xa ./Core/Src/syscalls.o
                0x08011d68                _fstat
 .text._isatty  0x08011d72        0x4 ./Core/Src/syscalls.o
                0x08011d72                _isatty
 .text._kill    0x08011d76        0x6 ./Core/Src/syscalls.o
                0x08011d76                _kill
 .text._getpid  0x08011d7c        0x4 ./Core/Src/syscalls.o
                0x08011d7c                _getpid
 .text._sbrk    0x08011d80       0x40 ./Core/Src/sysmem.o
                0x08011d80                _sbrk
 .text.SystemInit
                0x08011dc0       0x14 ./Core/Src/system_stm32f4xx.o
                0x08011dc0                SystemInit
 .text.Reset_Handler
                0x08011dd4       0x50 ./Core/Startup/startup_stm32f429zitx.o
                0x08011dd4                Reset_Handler
 .text.Default_Handler
                0x08011e24        0x2 ./Core/Startup/startup_stm32f429zitx.o
                0x08011e24                RTC_Alarm_IRQHandler
                0x08011e24                HASH_RNG_IRQHandler
                0x08011e24                EXTI2_IRQHandler
                0x08011e24                TIM8_CC_IRQHandler
                0x08011e24                UART8_IRQHandler
                0x08011e24                SPI4_IRQHandler
                0x08011e24                TIM1_CC_IRQHandler
                0x08011e24                DMA2_Stream5_IRQHandler
                0x08011e24                DMA1_Stream5_IRQHandler
                0x08011e24                PVD_IRQHandler
                0x08011e24                SDIO_IRQHandler
                0x08011e24                TAMP_STAMP_IRQHandler
                0x08011e24                CAN2_RX1_IRQHandler
                0x08011e24                EXTI3_IRQHandler
                0x08011e24                TIM8_TRG_COM_TIM14_IRQHandler
                0x08011e24                TIM1_UP_TIM10_IRQHandler
                0x08011e24                TIM8_UP_TIM13_IRQHandler
                0x08011e24                I2C3_ER_IRQHandler
                0x08011e24                EXTI0_IRQHandler
                0x08011e24                I2C2_EV_IRQHandler
                0x08011e24                DMA1_Stream2_IRQHandler
                0x08011e24                CAN1_RX0_IRQHandler
                0x08011e24                FPU_IRQHandler
                0x08011e24                OTG_HS_WKUP_IRQHandler
                0x08011e24                LTDC_ER_IRQHandler
                0x08011e24                CAN2_SCE_IRQHandler
                0x08011e24                DMA2_Stream2_IRQHandler
                0x08011e24                SPI1_IRQHandler
                0x08011e24                TIM1_BRK_TIM9_IRQHandler
                0x08011e24                DCMI_IRQHandler
                0x08011e24                CAN2_RX0_IRQHandler
                0x08011e24                DMA2_Stream3_IRQHandler
                0x08011e24                USART6_IRQHandler
                0x08011e24                USART3_IRQHandler
                0x08011e24                CAN1_RX1_IRQHandler
                0x08011e24                UART5_IRQHandler
                0x08011e24                DMA2_Stream0_IRQHandler
                0x08011e24                TIM4_IRQHandler
                0x08011e24                I2C1_EV_IRQHandler
                0x08011e24                DMA1_Stream6_IRQHandler
                0x08011e24                DMA1_Stream1_IRQHandler
                0x08011e24                UART4_IRQHandler
                0x08011e24                TIM3_IRQHandler
                0x08011e24                RCC_IRQHandler
                0x08011e24                TIM8_BRK_TIM12_IRQHandler
                0x08011e24                Default_Handler
                0x08011e24                EXTI15_10_IRQHandler
                0x08011e24                ADC_IRQHandler
                0x08011e24                DMA1_Stream7_IRQHandler
                0x08011e24                SPI5_IRQHandler
                0x08011e24                TIM7_IRQHandler
                0x08011e24                CAN2_TX_IRQHandler
                0x08011e24                TIM5_IRQHandler
                0x08011e24                DMA2_Stream7_IRQHandler
                0x08011e24                I2C3_EV_IRQHandler
                0x08011e24                EXTI9_5_IRQHandler
                0x08011e24                RTC_WKUP_IRQHandler
                0x08011e24                ETH_WKUP_IRQHandler
                0x08011e24                SPI2_IRQHandler
                0x08011e24                OTG_HS_EP1_IN_IRQHandler
                0x08011e24                DMA1_Stream0_IRQHandler
                0x08011e24                CAN1_TX_IRQHandler
                0x08011e24                EXTI4_IRQHandler
                0x08011e24                ETH_IRQHandler
                0x08011e24                OTG_HS_EP1_OUT_IRQHandler
                0x08011e24                WWDG_IRQHandler
                0x08011e24                SPI6_IRQHandler
                0x08011e24                TIM2_IRQHandler
                0x08011e24                OTG_FS_WKUP_IRQHandler
                0x08011e24                TIM1_TRG_COM_TIM11_IRQHandler
                0x08011e24                EXTI1_IRQHandler
                0x08011e24                UART7_IRQHandler
                0x08011e24                USART2_IRQHandler
                0x08011e24                I2C2_ER_IRQHandler
                0x08011e24                DMA2_Stream1_IRQHandler
                0x08011e24                CAN1_SCE_IRQHandler
                0x08011e24                FLASH_IRQHandler
                0x08011e24                DMA2_Stream4_IRQHandler
                0x08011e24                USART1_IRQHandler
                0x08011e24                OTG_FS_IRQHandler
                0x08011e24                SPI3_IRQHandler
                0x08011e24                DMA1_Stream4_IRQHandler
                0x08011e24                I2C1_ER_IRQHandler
                0x08011e24                FMC_IRQHandler
                0x08011e24                DMA2_Stream6_IRQHandler
                0x08011e24                SAI1_IRQHandler
                0x08011e24                DMA1_Stream3_IRQHandler
 .text.ili9341_GetLcdPixelWidth
                0x08011e26        0x4 ./Drivers/BSP/Components/ili9341/ili9341.o
                0x08011e26                ili9341_GetLcdPixelWidth
 .text.ili9341_GetLcdPixelHeight
                0x08011e2a        0x6 ./Drivers/BSP/Components/ili9341/ili9341.o
                0x08011e2a                ili9341_GetLcdPixelHeight
 .text.ili9341_DisplayOn
                0x08011e30        0x6 ./Drivers/BSP/Components/ili9341/ili9341.o
                0x08011e30                ili9341_DisplayOn
 .text.ili9341_DisplayOff
                0x08011e36        0x6 ./Drivers/BSP/Components/ili9341/ili9341.o
                0x08011e36                ili9341_DisplayOff
 .text.ili9341_Init
                0x08011e3c      0x292 ./Drivers/BSP/Components/ili9341/ili9341.o
                0x08011e3c                ili9341_Init
 .text.ili9341_ReadID
                0x080120ce       0x12 ./Drivers/BSP/Components/ili9341/ili9341.o
                0x080120ce                ili9341_ReadID
 .text.stmpe811_Reset
                0x080120e0       0x28 ./Drivers/BSP/Components/stmpe811/stmpe811.o
                0x080120e0                stmpe811_Reset
 .text.stmpe811_ReadID
                0x08012108       0x24 ./Drivers/BSP/Components/stmpe811/stmpe811.o
                0x08012108                stmpe811_ReadID
 .text.stmpe811_TS_DetectTouch
                0x0801212c       0x38 ./Drivers/BSP/Components/stmpe811/stmpe811.o
                0x0801212c                stmpe811_TS_DetectTouch
 .text.stmpe811_TS_GetXY
                0x08012164       0x3c ./Drivers/BSP/Components/stmpe811/stmpe811.o
                0x08012164                stmpe811_TS_GetXY
 .text.stmpe811_Init
                0x080121a0       0x30 ./Drivers/BSP/Components/stmpe811/stmpe811.o
                0x080121a0                stmpe811_Init
 .text.stmpe811_EnableGlobalIT
                0x080121d0       0x1e ./Drivers/BSP/Components/stmpe811/stmpe811.o
                0x080121d0                stmpe811_EnableGlobalIT
 .text.stmpe811_DisableGlobalIT
                0x080121ee       0x1c ./Drivers/BSP/Components/stmpe811/stmpe811.o
                0x080121ee                stmpe811_DisableGlobalIT
 .text.stmpe811_EnableITSource
                0x0801220a       0x20 ./Drivers/BSP/Components/stmpe811/stmpe811.o
                0x0801220a                stmpe811_EnableITSource
 .text.stmpe811_TS_EnableIT
                0x0801222a       0x1a ./Drivers/BSP/Components/stmpe811/stmpe811.o
                0x0801222a                stmpe811_TS_EnableIT
 .text.stmpe811_DisableITSource
                0x08012244       0x20 ./Drivers/BSP/Components/stmpe811/stmpe811.o
                0x08012244                stmpe811_DisableITSource
 .text.stmpe811_TS_DisableIT
                0x08012264       0x14 ./Drivers/BSP/Components/stmpe811/stmpe811.o
                0x08012264                stmpe811_TS_DisableIT
 .text.stmpe811_ReadGITStatus
                0x08012278       0x10 ./Drivers/BSP/Components/stmpe811/stmpe811.o
                0x08012278                stmpe811_ReadGITStatus
 .text.stmpe811_TS_ITStatus
                0x08012288        0x6 ./Drivers/BSP/Components/stmpe811/stmpe811.o
                0x08012288                stmpe811_TS_ITStatus
 .text.stmpe811_ClearGlobalIT
                0x0801228e        0xa ./Drivers/BSP/Components/stmpe811/stmpe811.o
                0x0801228e                stmpe811_ClearGlobalIT
 .text.stmpe811_TS_ClearIT
                0x08012298        0x6 ./Drivers/BSP/Components/stmpe811/stmpe811.o
                0x08012298                stmpe811_TS_ClearIT
 .text.stmpe811_IO_EnableAF
                0x0801229e       0x20 ./Drivers/BSP/Components/stmpe811/stmpe811.o
                0x0801229e                stmpe811_IO_EnableAF
 .text.stmpe811_TS_Start
                0x080122be       0xa4 ./Drivers/BSP/Components/stmpe811/stmpe811.o
                0x080122be                stmpe811_TS_Start
 *fill*         0x08012362        0x2 
 .text.SPIx_Init
                0x08012364       0x9c ./Drivers/BSP/STM32F429I-Discovery/stm32f429i_discovery.o
 .text.SPIx_Write
                0x08012400       0x30 ./Drivers/BSP/STM32F429I-Discovery/stm32f429i_discovery.o
 .text.I2Cx_Init
                0x08012430       0xec ./Drivers/BSP/STM32F429I-Discovery/stm32f429i_discovery.o
 .text.I2Cx_Error
                0x0801251c       0x14 ./Drivers/BSP/STM32F429I-Discovery/stm32f429i_discovery.o
 .text.LCD_IO_Init
                0x08012530       0xb8 ./Drivers/BSP/STM32F429I-Discovery/stm32f429i_discovery.o
                0x08012530                LCD_IO_Init
 .text.LCD_IO_WriteData
                0x080125e8       0x38 ./Drivers/BSP/STM32F429I-Discovery/stm32f429i_discovery.o
                0x080125e8                LCD_IO_WriteData
 .text.LCD_IO_WriteReg
                0x08012620       0x38 ./Drivers/BSP/STM32F429I-Discovery/stm32f429i_discovery.o
                0x08012620                LCD_IO_WriteReg
 .text.LCD_IO_ReadData
                0x08012658       0x6c ./Drivers/BSP/STM32F429I-Discovery/stm32f429i_discovery.o
                0x08012658                LCD_IO_ReadData
 .text.LCD_Delay
                0x080126c4        0x4 ./Drivers/BSP/STM32F429I-Discovery/stm32f429i_discovery.o
                0x080126c4                LCD_Delay
 .text.IOE_Init
                0x080126c8        0x4 ./Drivers/BSP/STM32F429I-Discovery/stm32f429i_discovery.o
                0x080126c8                IOE_Init
 .text.IOE_ITConfig
                0x080126cc       0x54 ./Drivers/BSP/STM32F429I-Discovery/stm32f429i_discovery.o
                0x080126cc                IOE_ITConfig
 .text.IOE_Write
                0x08012720       0x34 ./Drivers/BSP/STM32F429I-Discovery/stm32f429i_discovery.o
                0x08012720                IOE_Write
 .text.IOE_Read
                0x08012754       0x3c ./Drivers/BSP/STM32F429I-Discovery/stm32f429i_discovery.o
                0x08012754                IOE_Read
 .text.IOE_ReadMultiple
                0x08012790       0x2c ./Drivers/BSP/STM32F429I-Discovery/stm32f429i_discovery.o
                0x08012790                IOE_ReadMultiple
 .text.IOE_Delay
                0x080127bc        0x4 ./Drivers/BSP/STM32F429I-Discovery/stm32f429i_discovery.o
                0x080127bc                IOE_Delay
 .text.FillBuffer
                0x080127c0       0x64 ./Drivers/BSP/STM32F429I-Discovery/stm32f429i_discovery_lcd.o
 .text.BSP_LCD_GetXSize
                0x08012824       0x10 ./Drivers/BSP/STM32F429I-Discovery/stm32f429i_discovery_lcd.o
                0x08012824                BSP_LCD_GetXSize
 .text.BSP_LCD_GetYSize
                0x08012834       0x10 ./Drivers/BSP/STM32F429I-Discovery/stm32f429i_discovery_lcd.o
                0x08012834                BSP_LCD_GetYSize
 .text.BSP_LCD_LayerDefaultInit
                0x08012844       0x7c ./Drivers/BSP/STM32F429I-Discovery/stm32f429i_discovery_lcd.o
                0x08012844                BSP_LCD_LayerDefaultInit
 .text.BSP_LCD_SelectLayer
                0x080128c0        0xc ./Drivers/BSP/STM32F429I-Discovery/stm32f429i_discovery_lcd.o
                0x080128c0                BSP_LCD_SelectLayer
 .text.BSP_LCD_SetTextColor
                0x080128cc       0x18 ./Drivers/BSP/STM32F429I-Discovery/stm32f429i_discovery_lcd.o
                0x080128cc                BSP_LCD_SetTextColor
 .text.BSP_LCD_SetBackColor
                0x080128e4       0x18 ./Drivers/BSP/STM32F429I-Discovery/stm32f429i_discovery_lcd.o
                0x080128e4                BSP_LCD_SetBackColor
 .text.BSP_LCD_SetFont
                0x080128fc       0x18 ./Drivers/BSP/STM32F429I-Discovery/stm32f429i_discovery_lcd.o
                0x080128fc                BSP_LCD_SetFont
 .text.BSP_LCD_Clear
                0x08012914       0x3c ./Drivers/BSP/STM32F429I-Discovery/stm32f429i_discovery_lcd.o
                0x08012914                BSP_LCD_Clear
 .text.BSP_LCD_DrawHLine
                0x08012950       0x54 ./Drivers/BSP/STM32F429I-Discovery/stm32f429i_discovery_lcd.o
                0x08012950                BSP_LCD_DrawHLine
 .text.BSP_LCD_DrawVLine
                0x080129a4       0x60 ./Drivers/BSP/STM32F429I-Discovery/stm32f429i_discovery_lcd.o
                0x080129a4                BSP_LCD_DrawVLine
 .text.BSP_LCD_DrawRect
                0x08012a04       0x34 ./Drivers/BSP/STM32F429I-Discovery/stm32f429i_discovery_lcd.o
                0x08012a04                BSP_LCD_DrawRect
 .text.BSP_LCD_FillRect
                0x08012a38       0x70 ./Drivers/BSP/STM32F429I-Discovery/stm32f429i_discovery_lcd.o
                0x08012a38                BSP_LCD_FillRect
 .text.BSP_LCD_DisplayOn
                0x08012aa8       0x10 ./Drivers/BSP/STM32F429I-Discovery/stm32f429i_discovery_lcd.o
                0x08012aa8                BSP_LCD_DisplayOn
 .text.BSP_LCD_MspInit
                0x08012ab8      0x148 ./Drivers/BSP/STM32F429I-Discovery/stm32f429i_discovery_lcd.o
                0x08012ab8                BSP_LCD_MspInit
 .text.BSP_LCD_Init
                0x08012c00       0x94 ./Drivers/BSP/STM32F429I-Discovery/stm32f429i_discovery_lcd.o
                0x08012c00                BSP_LCD_Init
 .text.BSP_LCD_DrawPixel
                0x08012c94       0x2c ./Drivers/BSP/STM32F429I-Discovery/stm32f429i_discovery_lcd.o
                0x08012c94                BSP_LCD_DrawPixel
 .text.BSP_LCD_DisplayChar
                0x08012cc0       0xcc ./Drivers/BSP/STM32F429I-Discovery/stm32f429i_discovery_lcd.o
                0x08012cc0                BSP_LCD_DisplayChar
 .text.BSP_LCD_DisplayStringAt
                0x08012d8c       0xbc ./Drivers/BSP/STM32F429I-Discovery/stm32f429i_discovery_lcd.o
                0x08012d8c                BSP_LCD_DisplayStringAt
 .text.BSP_LCD_DrawCircle
                0x08012e48      0x12c ./Drivers/BSP/STM32F429I-Discovery/stm32f429i_discovery_lcd.o
                0x08012e48                BSP_LCD_DrawCircle
 .text.BSP_LCD_FillCircle
                0x08012f74       0xd4 ./Drivers/BSP/STM32F429I-Discovery/stm32f429i_discovery_lcd.o
                0x08012f74                BSP_LCD_FillCircle
 .text.BSP_SDRAM_Initialization_sequence
                0x08013048       0x94 ./Drivers/BSP/STM32F429I-Discovery/stm32f429i_discovery_sdram.o
                0x08013048                BSP_SDRAM_Initialization_sequence
 .text.BSP_SDRAM_MspInit
                0x080130dc      0x18c ./Drivers/BSP/STM32F429I-Discovery/stm32f429i_discovery_sdram.o
                0x080130dc                BSP_SDRAM_MspInit
 .text.BSP_SDRAM_Init
                0x08013268       0x7c ./Drivers/BSP/STM32F429I-Discovery/stm32f429i_discovery_sdram.o
                0x08013268                BSP_SDRAM_Init
 .text.BSP_TS_Init
                0x080132e4       0x44 ./Drivers/BSP/STM32F429I-Discovery/stm32f429i_discovery_ts.o
                0x080132e4                BSP_TS_Init
 .text.BSP_TS_GetState
                0x08013328       0xd4 ./Drivers/BSP/STM32F429I-Discovery/stm32f429i_discovery_ts.o
                0x08013328                BSP_TS_GetState
 .text.HAL_Init
                0x080133fc       0x34 ./Drivers/STM32F4xx_HAL_Driver/Src/stm32f4xx_hal.o
                0x080133fc                HAL_Init
 .text.HAL_IncTick
                0x08013430       0x18 ./Drivers/STM32F4xx_HAL_Driver/Src/stm32f4xx_hal.o
                0x08013430                HAL_IncTick
 .text.HAL_GetTick
                0x08013448        0xc ./Drivers/STM32F4xx_HAL_Driver/Src/stm32f4xx_hal.o
                0x08013448                HAL_GetTick
 .text.HAL_Delay
                0x08013454       0x28 ./Drivers/STM32F4xx_HAL_Driver/Src/stm32f4xx_hal.o
                0x08013454                HAL_Delay
 .text.HAL_NVIC_SetPriorityGrouping
                0x0801347c       0x24 ./Drivers/STM32F4xx_HAL_Driver/Src/stm32f4xx_hal_cortex.o
                0x0801347c                HAL_NVIC_SetPriorityGrouping
 .text.HAL_NVIC_SetPriority
                0x080134a0       0x64 ./Drivers/STM32F4xx_HAL_Driver/Src/stm32f4xx_hal_cortex.o
                0x080134a0                HAL_NVIC_SetPriority
 .text.HAL_NVIC_EnableIRQ
                0x08013504       0x1c ./Drivers/STM32F4xx_HAL_Driver/Src/stm32f4xx_hal_cortex.o
                0x08013504                HAL_NVIC_EnableIRQ
 .text.HAL_CRC_Init
                0x08013520       0x20 ./Drivers/STM32F4xx_HAL_Driver/Src/stm32f4xx_hal_crc.o
                0x08013520                HAL_CRC_Init
 .text.DMA_CalcBaseAndBitshift
                0x08013540       0x2c ./Drivers/STM32F4xx_HAL_Driver/Src/stm32f4xx_hal_dma.o
 .text.HAL_DMA_Init
                0x0801356c       0xfc ./Drivers/STM32F4xx_HAL_Driver/Src/stm32f4xx_hal_dma.o
                0x0801356c                HAL_DMA_Init
 .text.HAL_DMA_DeInit
                0x08013668       0x54 ./Drivers/STM32F4xx_HAL_Driver/Src/stm32f4xx_hal_dma.o
                0x08013668                HAL_DMA_DeInit
 .text.DMA2D_SetConfig
                0x080136bc       0x82 ./Drivers/STM32F4xx_HAL_Driver/Src/stm32f4xx_hal_dma2d.o
 .text.HAL_DMA2D_Init
                0x0801373e       0x54 ./Drivers/STM32F4xx_HAL_Driver/Src/stm32f4xx_hal_dma2d.o
                0x0801373e                HAL_DMA2D_Init
 .text.HAL_DMA2D_Start
                0x08013792       0x34 ./Drivers/STM32F4xx_HAL_Driver/Src/stm32f4xx_hal_dma2d.o
                0x08013792                HAL_DMA2D_Start
 .text.HAL_DMA2D_PollForTransfer
                0x080137c6       0xfa ./Drivers/STM32F4xx_HAL_Driver/Src/stm32f4xx_hal_dma2d.o
                0x080137c6                HAL_DMA2D_PollForTransfer
 .text.HAL_DMA2D_LineEventCallback
                0x080138c0        0x2 ./Drivers/STM32F4xx_HAL_Driver/Src/stm32f4xx_hal_dma2d.o
                0x080138c0                HAL_DMA2D_LineEventCallback
 .text.HAL_DMA2D_CLUTLoadingCpltCallback
                0x080138c2        0x2 ./Drivers/STM32F4xx_HAL_Driver/Src/stm32f4xx_hal_dma2d.o
                0x080138c2                HAL_DMA2D_CLUTLoadingCpltCallback
 .text.HAL_DMA2D_IRQHandler
                0x080138c4      0x114 ./Drivers/STM32F4xx_HAL_Driver/Src/stm32f4xx_hal_dma2d.o
                0x080138c4                HAL_DMA2D_IRQHandler
 .text.HAL_DMA2D_ConfigLayer
                0x080139d8       0x88 ./Drivers/STM32F4xx_HAL_Driver/Src/stm32f4xx_hal_dma2d.o
                0x080139d8                HAL_DMA2D_ConfigLayer
 .text.HAL_GPIO_Init
                0x08013a60      0x1c8 ./Drivers/STM32F4xx_HAL_Driver/Src/stm32f4xx_hal_gpio.o
                0x08013a60                HAL_GPIO_Init
 .text.HAL_GPIO_DeInit
                0x08013c28      0x134 ./Drivers/STM32F4xx_HAL_Driver/Src/stm32f4xx_hal_gpio.o
                0x08013c28                HAL_GPIO_DeInit
 .text.HAL_GPIO_WritePin
                0x08013d5c        0xa ./Drivers/STM32F4xx_HAL_Driver/Src/stm32f4xx_hal_gpio.o
                0x08013d5c                HAL_GPIO_WritePin
 .text.HAL_HCD_Init
                0x08013d66       0x78 ./Drivers/STM32F4xx_HAL_Driver/Src/stm32f4xx_hal_hcd.o
                0x08013d66                HAL_HCD_Init
 .text.HAL_HCD_SOF_Callback
                0x08013dde        0x2 ./Drivers/STM32F4xx_HAL_Driver/Src/stm32f4xx_hal_hcd.o
                0x08013dde                HAL_HCD_SOF_Callback
 .text.HAL_HCD_Connect_Callback
                0x08013de0        0x2 ./Drivers/STM32F4xx_HAL_Driver/Src/stm32f4xx_hal_hcd.o
                0x08013de0                HAL_HCD_Connect_Callback
 .text.HAL_HCD_Disconnect_Callback
                0x08013de2        0x2 ./Drivers/STM32F4xx_HAL_Driver/Src/stm32f4xx_hal_hcd.o
                0x08013de2                HAL_HCD_Disconnect_Callback
 .text.HAL_HCD_PortEnabled_Callback
                0x08013de4        0x2 ./Drivers/STM32F4xx_HAL_Driver/Src/stm32f4xx_hal_hcd.o
                0x08013de4                HAL_HCD_PortEnabled_Callback
 .text.HAL_HCD_PortDisabled_Callback
                0x08013de6        0x2 ./Drivers/STM32F4xx_HAL_Driver/Src/stm32f4xx_hal_hcd.o
                0x08013de6                HAL_HCD_PortDisabled_Callback
 .text.HAL_HCD_HC_NotifyURBChange_Callback
                0x08013de8        0x2 ./Drivers/STM32F4xx_HAL_Driver/Src/stm32f4xx_hal_hcd.o
                0x08013de8                HAL_HCD_HC_NotifyURBChange_Callback
 *fill*         0x08013dea        0x2 
 .text.HAL_HCD_IRQHandler
                0x08013dec      0x8c8 ./Drivers/STM32F4xx_HAL_Driver/Src/stm32f4xx_hal_hcd.o
                0x08013dec                HAL_HCD_IRQHandler
 .text.I2C_IsAcknowledgeFailed
                0x080146b4       0x34 ./Drivers/STM32F4xx_HAL_Driver/Src/stm32f4xx_hal_i2c.o
 .text.I2C_WaitOnFlagUntilTimeout
                0x080146e8       0x80 ./Drivers/STM32F4xx_HAL_Driver/Src/stm32f4xx_hal_i2c.o
 .text.I2C_WaitOnMasterAddressFlagUntilTimeout
                0x08014768       0x84 ./Drivers/STM32F4xx_HAL_Driver/Src/stm32f4xx_hal_i2c.o
 .text.I2C_WaitOnTXEFlagUntilTimeout
                0x080147ec       0x54 ./Drivers/STM32F4xx_HAL_Driver/Src/stm32f4xx_hal_i2c.o
 .text.I2C_RequestMemoryWrite
                0x08014840       0xb4 ./Drivers/STM32F4xx_HAL_Driver/Src/stm32f4xx_hal_i2c.o
 .text.I2C_RequestMemoryRead
                0x080148f4      0x104 ./Drivers/STM32F4xx_HAL_Driver/Src/stm32f4xx_hal_i2c.o
 .text.I2C_WaitOnBTFFlagUntilTimeout
                0x080149f8       0x54 ./Drivers/STM32F4xx_HAL_Driver/Src/stm32f4xx_hal_i2c.o
 .text.I2C_WaitOnRXNEFlagUntilTimeout
                0x08014a4c       0x66 ./Drivers/STM32F4xx_HAL_Driver/Src/stm32f4xx_hal_i2c.o
 *fill*         0x08014ab2        0x2 
 .text.HAL_I2C_Init
                0x08014ab4      0x150 ./Drivers/STM32F4xx_HAL_Driver/Src/stm32f4xx_hal_i2c.o
                0x08014ab4                HAL_I2C_Init
 .text.HAL_I2C_DeInit
                0x08014c04       0x32 ./Drivers/STM32F4xx_HAL_Driver/Src/stm32f4xx_hal_i2c.o
                0x08014c04                HAL_I2C_DeInit
 *fill*         0x08014c36        0x2 
 .text.HAL_I2C_Mem_Write
                0x08014c38      0x120 ./Drivers/STM32F4xx_HAL_Driver/Src/stm32f4xx_hal_i2c.o
                0x08014c38                HAL_I2C_Mem_Write
 .text.HAL_I2C_Mem_Read
                0x08014d58      0x220 ./Drivers/STM32F4xx_HAL_Driver/Src/stm32f4xx_hal_i2c.o
                0x08014d58                HAL_I2C_Mem_Read
 .text.HAL_I2C_GetState
                0x08014f78        0x6 ./Drivers/STM32F4xx_HAL_Driver/Src/stm32f4xx_hal_i2c.o
                0x08014f78                HAL_I2C_GetState
 .text.HAL_I2CEx_ConfigAnalogFilter
                0x08014f7e       0x3e ./Drivers/STM32F4xx_HAL_Driver/Src/stm32f4xx_hal_i2c_ex.o
                0x08014f7e                HAL_I2CEx_ConfigAnalogFilter
 .text.HAL_I2CEx_ConfigDigitalFilter
                0x08014fbc       0x3e ./Drivers/STM32F4xx_HAL_Driver/Src/stm32f4xx_hal_i2c_ex.o
                0x08014fbc                HAL_I2CEx_ConfigDigitalFilter
 *fill*         0x08014ffa        0x2 
 .text.LTDC_SetConfig
                0x08014ffc       0xe8 ./Drivers/STM32F4xx_HAL_Driver/Src/stm32f4xx_hal_ltdc.o
 .text.HAL_LTDC_Init
                0x080150e4       0xaa ./Drivers/STM32F4xx_HAL_Driver/Src/stm32f4xx_hal_ltdc.o
                0x080150e4                HAL_LTDC_Init
 .text.HAL_LTDC_ErrorCallback
                0x0801518e        0x2 ./Drivers/STM32F4xx_HAL_Driver/Src/stm32f4xx_hal_ltdc.o
                0x0801518e                HAL_LTDC_ErrorCallback
 .text.HAL_LTDC_LineEventCallback
                0x08015190        0x2 ./Drivers/STM32F4xx_HAL_Driver/Src/stm32f4xx_hal_ltdc.o
                0x08015190                HAL_LTDC_LineEventCallback
 .text.HAL_LTDC_ReloadEventCallback
                0x08015192        0x2 ./Drivers/STM32F4xx_HAL_Driver/Src/stm32f4xx_hal_ltdc.o
                0x08015192                HAL_LTDC_ReloadEventCallback
 .text.HAL_LTDC_IRQHandler
                0x08015194       0xba ./Drivers/STM32F4xx_HAL_Driver/Src/stm32f4xx_hal_ltdc.o
                0x08015194                HAL_LTDC_IRQHandler
 .text.HAL_LTDC_ConfigLayer
                0x0801524e       0x5a ./Drivers/STM32F4xx_HAL_Driver/Src/stm32f4xx_hal_ltdc.o
                0x0801524e                HAL_LTDC_ConfigLayer
 .text.HAL_LTDC_EnableDither
                0x080152a8       0x30 ./Drivers/STM32F4xx_HAL_Driver/Src/stm32f4xx_hal_ltdc.o
                0x080152a8                HAL_LTDC_EnableDither
 .text.HAL_RCC_OscConfig
                0x080152d8      0x35c ./Drivers/STM32F4xx_HAL_Driver/Src/stm32f4xx_hal_rcc.o
                0x080152d8                HAL_RCC_OscConfig
 .text.HAL_RCC_GetSysClockFreq
                0x08015634       0x5c ./Drivers/STM32F4xx_HAL_Driver/Src/stm32f4xx_hal_rcc.o
                0x08015634                HAL_RCC_GetSysClockFreq
 .text.HAL_RCC_ClockConfig
                0x08015690      0x134 ./Drivers/STM32F4xx_HAL_Driver/Src/stm32f4xx_hal_rcc.o
                0x08015690                HAL_RCC_ClockConfig
 .text.HAL_RCC_GetPCLK1Freq
                0x080157c4       0x20 ./Drivers/STM32F4xx_HAL_Driver/Src/stm32f4xx_hal_rcc.o
                0x080157c4                HAL_RCC_GetPCLK1Freq
 .text.HAL_RCC_GetPCLK2Freq
                0x080157e4       0x20 ./Drivers/STM32F4xx_HAL_Driver/Src/stm32f4xx_hal_rcc.o
                0x080157e4                HAL_RCC_GetPCLK2Freq
 .text.HAL_RCC_GetClockConfig
                0x08015804       0x3c ./Drivers/STM32F4xx_HAL_Driver/Src/stm32f4xx_hal_rcc.o
                0x08015804                HAL_RCC_GetClockConfig
 .text.HAL_RCCEx_PeriphCLKConfig
                0x08015840      0x258 ./Drivers/STM32F4xx_HAL_Driver/Src/stm32f4xx_hal_rcc_ex.o
                0x08015840                HAL_RCCEx_PeriphCLKConfig
 .text.HAL_SDRAM_Init
                0x08015a98       0x40 ./Drivers/STM32F4xx_HAL_Driver/Src/stm32f4xx_hal_sdram.o
                0x08015a98                HAL_SDRAM_Init
 .text.HAL_SDRAM_SendCommand
                0x08015ad8       0x3c ./Drivers/STM32F4xx_HAL_Driver/Src/stm32f4xx_hal_sdram.o
                0x08015ad8                HAL_SDRAM_SendCommand
 .text.HAL_SDRAM_ProgramRefreshRate
                0x08015b14       0x30 ./Drivers/STM32F4xx_HAL_Driver/Src/stm32f4xx_hal_sdram.o
                0x08015b14                HAL_SDRAM_ProgramRefreshRate
 .text.SPI_WaitFlagStateUntilTimeout
                0x08015b44       0xb8 ./Drivers/STM32F4xx_HAL_Driver/Src/stm32f4xx_hal_spi.o
 .text.SPI_EndRxTxTransaction
                0x08015bfc       0x78 ./Drivers/STM32F4xx_HAL_Driver/Src/stm32f4xx_hal_spi.o
 .text.SPI_EndRxTransaction
                0x08015c74       0x5c ./Drivers/STM32F4xx_HAL_Driver/Src/stm32f4xx_hal_spi.o
 .text.HAL_SPI_Init
                0x08015cd0       0xb8 ./Drivers/STM32F4xx_HAL_Driver/Src/stm32f4xx_hal_spi.o
                0x08015cd0                HAL_SPI_Init
 .text.HAL_SPI_DeInit
                0x08015d88       0x2c ./Drivers/STM32F4xx_HAL_Driver/Src/stm32f4xx_hal_spi.o
                0x08015d88                HAL_SPI_DeInit
 .text.HAL_SPI_Transmit
                0x08015db4      0x160 ./Drivers/STM32F4xx_HAL_Driver/Src/stm32f4xx_hal_spi.o
                0x08015db4                HAL_SPI_Transmit
 .text.HAL_SPI_TransmitReceive
                0x08015f14      0x1f8 ./Drivers/STM32F4xx_HAL_Driver/Src/stm32f4xx_hal_spi.o
                0x08015f14                HAL_SPI_TransmitReceive
 .text.HAL_SPI_Receive
                0x0801610c      0x146 ./Drivers/STM32F4xx_HAL_Driver/Src/stm32f4xx_hal_spi.o
                0x0801610c                HAL_SPI_Receive
 .text.HAL_SPI_GetState
                0x08016252        0x6 ./Drivers/STM32F4xx_HAL_Driver/Src/stm32f4xx_hal_spi.o
                0x08016252                HAL_SPI_GetState
 .text.HAL_TIM_Base_Start_IT
                0x08016258       0x74 ./Drivers/STM32F4xx_HAL_Driver/Src/stm32f4xx_hal_tim.o
                0x08016258                HAL_TIM_Base_Start_IT
 .text.HAL_TIM_OC_DelayElapsedCallback
                0x080162cc        0x2 ./Drivers/STM32F4xx_HAL_Driver/Src/stm32f4xx_hal_tim.o
                0x080162cc                HAL_TIM_OC_DelayElapsedCallback
 .text.HAL_TIM_IC_CaptureCallback
                0x080162ce        0x2 ./Drivers/STM32F4xx_HAL_Driver/Src/stm32f4xx_hal_tim.o
                0x080162ce                HAL_TIM_IC_CaptureCallback
 .text.HAL_TIM_PWM_PulseFinishedCallback
                0x080162d0        0x2 ./Drivers/STM32F4xx_HAL_Driver/Src/stm32f4xx_hal_tim.o
                0x080162d0                HAL_TIM_PWM_PulseFinishedCallback
 .text.HAL_TIM_TriggerCallback
                0x080162d2        0x2 ./Drivers/STM32F4xx_HAL_Driver/Src/stm32f4xx_hal_tim.o
                0x080162d2                HAL_TIM_TriggerCallback
 .text.HAL_TIM_IRQHandler
                0x080162d4      0x128 ./Drivers/STM32F4xx_HAL_Driver/Src/stm32f4xx_hal_tim.o
                0x080162d4                HAL_TIM_IRQHandler
 .text.TIM_Base_SetConfig
                0x080163fc       0xa8 ./Drivers/STM32F4xx_HAL_Driver/Src/stm32f4xx_hal_tim.o
                0x080163fc                TIM_Base_SetConfig
 .text.HAL_TIM_Base_Init
                0x080164a4       0x58 ./Drivers/STM32F4xx_HAL_Driver/Src/stm32f4xx_hal_tim.o
                0x080164a4                HAL_TIM_Base_Init
 .text.TIM_ETR_SetConfig
                0x080164fc       0x14 ./Drivers/STM32F4xx_HAL_Driver/Src/stm32f4xx_hal_tim.o
                0x080164fc                TIM_ETR_SetConfig
 .text.HAL_TIM_ConfigClockSource
                0x08016510      0x132 ./Drivers/STM32F4xx_HAL_Driver/Src/stm32f4xx_hal_tim.o
                0x08016510                HAL_TIM_ConfigClockSource
 *fill*         0x08016642        0x2 
 .text.HAL_TIMEx_MasterConfigSynchronization
                0x08016644       0x7c ./Drivers/STM32F4xx_HAL_Driver/Src/stm32f4xx_hal_tim_ex.o
                0x08016644                HAL_TIMEx_MasterConfigSynchronization
 .text.HAL_TIMEx_CommutCallback
                0x080166c0        0x2 ./Drivers/STM32F4xx_HAL_Driver/Src/stm32f4xx_hal_tim_ex.o
                0x080166c0                HAL_TIMEx_CommutCallback
 .text.HAL_TIMEx_BreakCallback
                0x080166c2        0x2 ./Drivers/STM32F4xx_HAL_Driver/Src/stm32f4xx_hal_tim_ex.o
                0x080166c2                HAL_TIMEx_BreakCallback
 .text.UART_SetConfig
                0x080166c4       0xbc ./Drivers/STM32F4xx_HAL_Driver/Src/stm32f4xx_hal_uart.o
 .text.HAL_UART_Init
                0x08016780       0x5e ./Drivers/STM32F4xx_HAL_Driver/Src/stm32f4xx_hal_uart.o
                0x08016780                HAL_UART_Init
 .text.FMC_SDRAM_Init
                0x080167de       0x6c ./Drivers/STM32F4xx_HAL_Driver/Src/stm32f4xx_ll_fmc.o
                0x080167de                FMC_SDRAM_Init
 .text.FMC_SDRAM_Timing_Init
                0x0801684a       0x6c ./Drivers/STM32F4xx_HAL_Driver/Src/stm32f4xx_ll_fmc.o
                0x0801684a                FMC_SDRAM_Timing_Init
 .text.FMC_SDRAM_SendCommand
                0x080168b6       0x48 ./Drivers/STM32F4xx_HAL_Driver/Src/stm32f4xx_ll_fmc.o
                0x080168b6                FMC_SDRAM_SendCommand
 .text.FMC_SDRAM_ProgramRefreshRate
                0x080168fe       0x10 ./Drivers/STM32F4xx_HAL_Driver/Src/stm32f4xx_ll_fmc.o
                0x080168fe                FMC_SDRAM_ProgramRefreshRate
 .text.USB_CoreReset
                0x0801690e       0x50 ./Drivers/STM32F4xx_HAL_Driver/Src/stm32f4xx_ll_usb.o
 .text.USB_CoreInit
                0x0801695e       0x88 ./Drivers/STM32F4xx_HAL_Driver/Src/stm32f4xx_ll_usb.o
                0x0801695e                USB_CoreInit
 .text.USB_DisableGlobalInt
                0x080169e6        0xc ./Drivers/STM32F4xx_HAL_Driver/Src/stm32f4xx_ll_usb.o
                0x080169e6                USB_DisableGlobalInt
 .text.USB_SetCurrentMode
                0x080169f2       0x60 ./Drivers/STM32F4xx_HAL_Driver/Src/stm32f4xx_ll_usb.o
                0x080169f2                USB_SetCurrentMode
 .text.USB_FlushTxFifo
                0x08016a52       0x46 ./Drivers/STM32F4xx_HAL_Driver/Src/stm32f4xx_ll_usb.o
                0x08016a52                USB_FlushTxFifo
 .text.USB_FlushRxFifo
                0x08016a98       0x42 ./Drivers/STM32F4xx_HAL_Driver/Src/stm32f4xx_ll_usb.o
                0x08016a98                USB_FlushRxFifo
 .text.USB_ReadPacket
                0x08016ada       0x40 ./Drivers/STM32F4xx_HAL_Driver/Src/stm32f4xx_ll_usb.o
                0x08016ada                USB_ReadPacket
 .text.USB_ReadInterrupts
                0x08016b1a        0x8 ./Drivers/STM32F4xx_HAL_Driver/Src/stm32f4xx_ll_usb.o
                0x08016b1a                USB_ReadInterrupts
 .text.USB_ReadChInterrupts
                0x08016b22       0x12 ./Drivers/STM32F4xx_HAL_Driver/Src/stm32f4xx_ll_usb.o
                0x08016b22                USB_ReadChInterrupts
 .text.USB_GetMode
                0x08016b34        0x8 ./Drivers/STM32F4xx_HAL_Driver/Src/stm32f4xx_ll_usb.o
                0x08016b34                USB_GetMode
 .text.USB_HostInit
                0x08016b3c       0xe0 ./Drivers/STM32F4xx_HAL_Driver/Src/stm32f4xx_ll_usb.o
                0x08016b3c                USB_HostInit
 .text.USB_InitFSLSPClkSel
                0x08016c1c       0x3c ./Drivers/STM32F4xx_HAL_Driver/Src/stm32f4xx_ll_usb.o
                0x08016c1c                USB_InitFSLSPClkSel
 .text.USB_HC_ReadInterrupt
                0x08016c58        0xa ./Drivers/STM32F4xx_HAL_Driver/Src/stm32f4xx_ll_usb.o
                0x08016c58                USB_HC_ReadInterrupt
 .text.USB_HC_Halt
                0x08016c62       0xd2 ./Drivers/STM32F4xx_HAL_Driver/Src/stm32f4xx_ll_usb.o
                0x08016c62                USB_HC_Halt
 .text.acquire_and_process_data
                0x08016d34       0x2c ./X-CUBE-AI/App/app_x-cube-ai.o
                0x08016d34                acquire_and_process_data
 .text.post_process
                0x08016d60       0x4c ./X-CUBE-AI/App/app_x-cube-ai.o
                0x08016d60                post_process
 .text.MX_X_CUBE_AI_Init
                0x08016dac       0x74 ./X-CUBE-AI/App/app_x-cube-ai.o
                0x08016dac                MX_X_CUBE_AI_Init
 .text.MX_X_CUBE_AI_Process
                0x08016e20       0x6c ./X-CUBE-AI/App/app_x-cube-ai.o
                0x08016e20                MX_X_CUBE_AI_Process
 .text.ai_network_get_error
                0x08016e8c        0x4 ./X-CUBE-AI/App/network.o
                0x08016e8c                ai_network_get_error
 .text.ai_network_create
                0x08016e90       0x1c ./X-CUBE-AI/App/network.o
                0x08016e90                ai_network_create
 .text.ai_network_inputs_get
                0x08016eac       0x14 ./X-CUBE-AI/App/network.o
                0x08016eac                ai_network_inputs_get
 .text.ai_network_outputs_get
                0x08016ec0       0x14 ./X-CUBE-AI/App/network.o
                0x08016ec0                ai_network_outputs_get
 .text.ai_network_init
                0x08016ed4      0x28c ./X-CUBE-AI/App/network.o
                0x08016ed4                ai_network_init
 .text.ai_network_create_and_init
                0x08017160       0x94 ./X-CUBE-AI/App/network.o
                0x08017160                ai_network_create_and_init
 .text.ai_network_run
                0x080171f4        0x4 ./X-CUBE-AI/App/network.o
                0x080171f4                ai_network_run
 .text.ai_network_data_params_get
                0x080171f8       0x30 ./X-CUBE-AI/App/network_data.o
                0x080171f8                ai_network_data_params_get
 .text.ai_buffer_get_size
                0x08017228       0x64 ../Middlewares/ST/AI/Lib\NetworkRuntime1010_CM4_GCC.a(ai_platform.o)
                0x08017228                ai_buffer_get_size
 .text.ai_buffer_array_sane
                0x0801728c       0x14 ../Middlewares/ST/AI/Lib\NetworkRuntime1010_CM4_GCC.a(ai_platform.o)
                0x0801728c                ai_buffer_array_sane
 .text.ai_buffer_array_item_set_address
                0x080172a0       0x1c ../Middlewares/ST/AI/Lib\NetworkRuntime1010_CM4_GCC.a(ai_platform.o)
                0x080172a0                ai_buffer_array_item_set_address
 .text.ai_platform_get_weights_map
                0x080172bc       0xa4 ../Middlewares/ST/AI/Lib\NetworkRuntime1010_CM4_GCC.a(ai_platform_interface.o)
                0x080172bc                ai_platform_get_weights_map
 .text.ai_platform_get_activations_map
                0x08017360       0xa8 ../Middlewares/ST/AI/Lib\NetworkRuntime1010_CM4_GCC.a(ai_platform_interface.o)
                0x08017360                ai_platform_get_activations_map
 .text.ai_platform_bind_network_params
                0x08017408       0x44 ../Middlewares/ST/AI/Lib\NetworkRuntime1010_CM4_GCC.a(ai_platform_interface.o)
                0x08017408                ai_platform_bind_network_params
 .text.ai_platform_network_get_error
                0x0801744c       0x18 ../Middlewares/ST/AI/Lib\NetworkRuntime1010_CM4_GCC.a(ai_platform_interface.o)
                0x0801744c                ai_platform_network_get_error
 .text.ai_platform_network_set_error
                0x08017464        0xc ../Middlewares/ST/AI/Lib\NetworkRuntime1010_CM4_GCC.a(ai_platform_interface.o)
                0x08017464                ai_platform_network_set_error
 .text.ai_platform_inputs_get
                0x08017470       0xec ../Middlewares/ST/AI/Lib\NetworkRuntime1010_CM4_GCC.a(ai_platform_interface.o)
                0x08017470                ai_platform_inputs_get
 .text.ai_platform_outputs_get
                0x0801755c       0xe4 ../Middlewares/ST/AI/Lib\NetworkRuntime1010_CM4_GCC.a(ai_platform_interface.o)
                0x0801755c                ai_platform_outputs_get
 .text.ai_platform_network_create
                0x08017640       0x84 ../Middlewares/ST/AI/Lib\NetworkRuntime1010_CM4_GCC.a(ai_platform_interface.o)
                0x08017640                ai_platform_network_create
 .text.ai_platform_network_init
                0x080176c4      0x130 ../Middlewares/ST/AI/Lib\NetworkRuntime1010_CM4_GCC.a(ai_platform_interface.o)
                0x080176c4                ai_platform_network_init
 .text.ai_platform_network_post_init
                0x080177f4       0x5c ../Middlewares/ST/AI/Lib\NetworkRuntime1010_CM4_GCC.a(ai_platform_interface.o)
                0x080177f4                ai_platform_network_post_init
 .text.ai_platform_network_process
                0x08017850      0x438 ../Middlewares/ST/AI/Lib\NetworkRuntime1010_CM4_GCC.a(ai_platform_interface.o)
                0x08017850                ai_platform_network_process
 .text.core_init
                0x08017c88        0x4 ../Middlewares/ST/AI/Lib\NetworkRuntime1010_CM4_GCC.a(core_common.o)
                0x08017c88                core_init
 .text.core_get_error
                0x08017c8c        0xc ../Middlewares/ST/AI/Lib\NetworkRuntime1010_CM4_GCC.a(core_common.o)
                0x08017c8c                core_get_error
 .text.core_set_error
                0x08017c98       0x18 ../Middlewares/ST/AI/Lib\NetworkRuntime1010_CM4_GCC.a(core_common.o)
                0x08017c98                core_set_error
 .text.node_convert
                0x08017cb0      0x1d0 ../Middlewares/ST/AI/Lib\NetworkRuntime1010_CM4_GCC.a(core_convert.o)
                0x08017cb0                node_convert
 .text.node_convert_integer
                0x08017e80      0x1b8 ../Middlewares/ST/AI/Lib\NetworkRuntime1010_CM4_GCC.a(core_convert.o)
                0x08017e80                node_convert_integer
 .text.ai_check_custom_types
                0x08018038       0x54 ../Middlewares/ST/AI/Lib\NetworkRuntime1010_CM4_GCC.a(layers.o)
                0x08018038                ai_check_custom_types
 .text.ai_layers_init_all
                0x0801808c       0x20 ../Middlewares/ST/AI/Lib\NetworkRuntime1010_CM4_GCC.a(layers.o)
                0x0801808c                ai_layers_init_all
 .text.ai_layers_post_init_all
                0x080180ac       0x3c ../Middlewares/ST/AI/Lib\NetworkRuntime1010_CM4_GCC.a(layers.o)
                0x080180ac                ai_layers_post_init_all
 .text.ai_layers_forward_all
                0x080180e8       0x90 ../Middlewares/ST/AI/Lib\NetworkRuntime1010_CM4_GCC.a(layers.o)
                0x080180e8                ai_layers_forward_all
 .text.forward_conv2d_deep_3x3_sssa8_ch
                0x08018178      0x180 ../Middlewares/ST/AI/Lib\NetworkRuntime1010_CM4_GCC.a(layers_conv2d_sssa8_ch.o)
                0x08018178                forward_conv2d_deep_3x3_sssa8_ch
 .text.forward_conv2d_sssa8_ch
                0x080182f8      0x1c8 ../Middlewares/ST/AI/Lib\NetworkRuntime1010_CM4_GCC.a(layers_conv2d_sssa8_ch.o)
                0x080182f8                forward_conv2d_sssa8_ch
 .text.forward_dense_integer_SSSA
                0x080184c0      0x1dc ../Middlewares/ST/AI/Lib\NetworkRuntime1010_CM4_GCC.a(layers_conv2d_stm32_integer.o)
                0x080184c0                forward_dense_integer_SSSA
 .text.forward_dw_3x3_sssa8_ch
                0x0801869c      0x184 ../Middlewares/ST/AI/Lib\NetworkRuntime1010_CM4_GCC.a(layers_dw_sssa8_ch.o)
                0x0801869c                forward_dw_3x3_sssa8_ch
 .text.forward_pad
                0x08018820       0x20 ../Middlewares/ST/AI/Lib\NetworkRuntime1010_CM4_GCC.a(layers_generic_float.o)
                0x08018820                forward_pad
 .text.forward_sm_integer
                0x08018840       0xc4 ../Middlewares/ST/AI/Lib\NetworkRuntime1010_CM4_GCC.a(layers_nl_stm32_integer.o)
                0x08018840                forward_sm_integer
 .text.forward_pad_8bit_ch1st_3x3_constant
                0x08018904       0x94 ../Middlewares/ST/AI/Lib\NetworkRuntime1010_CM4_GCC.a(layers_pad_generic.o)
                0x08018904                forward_pad_8bit_ch1st_3x3_constant
 .text.forward_pad_constant
                0x08018998       0x8c ../Middlewares/ST/AI/Lib\NetworkRuntime1010_CM4_GCC.a(layers_pad_generic.o)
                0x08018998                forward_pad_constant
 .text.forward_pad_edge
                0x08018a24       0x80 ../Middlewares/ST/AI/Lib\NetworkRuntime1010_CM4_GCC.a(layers_pad_generic.o)
                0x08018a24                forward_pad_edge
 .text.forward_pad_reflect
                0x08018aa4       0xa0 ../Middlewares/ST/AI/Lib\NetworkRuntime1010_CM4_GCC.a(layers_pad_generic.o)
                0x08018aa4                forward_pad_reflect
 .text.forward_ap_integer_INT8
                0x08018b44      0x1bc ../Middlewares/ST/AI/Lib\NetworkRuntime1010_CM4_GCC.a(layers_pool_stm32_integer.o)
                0x08018b44                forward_ap_integer_INT8
 .text.forward_pw_sssa8_ch
                0x08018d00      0x178 ../Middlewares/ST/AI/Lib\NetworkRuntime1010_CM4_GCC.a(layers_pw_sssa8_ch.o)
                0x08018d00                forward_pw_sssa8_ch
 .text.forward_lite_node_convert_integer_is8of32
                0x08018e78        0x4 ../Middlewares/ST/AI/Lib\NetworkRuntime1010_CM4_GCC.a(forward_lite_convert.o)
                0x08018e78                forward_lite_node_convert_integer_is8of32
 .text.forward_lite_node_convert_integer_iu8of32
                0x08018e7c        0x4 ../Middlewares/ST/AI/Lib\NetworkRuntime1010_CM4_GCC.a(forward_lite_convert.o)
                0x08018e7c                forward_lite_node_convert_integer_iu8of32
 .text.forward_lite_node_convert_integer_if32os8
                0x08018e80        0x4 ../Middlewares/ST/AI/Lib\NetworkRuntime1010_CM4_GCC.a(forward_lite_convert.o)
                0x08018e80                forward_lite_node_convert_integer_if32os8
 .text.forward_lite_node_convert_integer_if32ou8
                0x08018e84        0x4 ../Middlewares/ST/AI/Lib\NetworkRuntime1010_CM4_GCC.a(forward_lite_convert.o)
                0x08018e84                forward_lite_node_convert_integer_if32ou8
 .text.forward_lite_node_convert_integer_is8os8
                0x08018e88       0x10 ../Middlewares/ST/AI/Lib\NetworkRuntime1010_CM4_GCC.a(forward_lite_convert.o)
                0x08018e88                forward_lite_node_convert_integer_is8os8
 .text.forward_lite_node_convert_integer_iu8ou8
                0x08018e98       0x10 ../Middlewares/ST/AI/Lib\NetworkRuntime1010_CM4_GCC.a(forward_lite_convert.o)
                0x08018e98                forward_lite_node_convert_integer_iu8ou8
 .text.forward_lite_node_convert_integer_iu8os8
                0x08018ea8       0x10 ../Middlewares/ST/AI/Lib\NetworkRuntime1010_CM4_GCC.a(forward_lite_convert.o)
                0x08018ea8                forward_lite_node_convert_integer_iu8os8
 .text.forward_lite_node_convert_integer_iu8os8_fast
                0x08018eb8        0x4 ../Middlewares/ST/AI/Lib\NetworkRuntime1010_CM4_GCC.a(forward_lite_convert.o)
                0x08018eb8                forward_lite_node_convert_integer_iu8os8_fast
 .text.forward_lite_node_convert_integer_is8ou8
                0x08018ebc       0x10 ../Middlewares/ST/AI/Lib\NetworkRuntime1010_CM4_GCC.a(forward_lite_convert.o)
                0x08018ebc                forward_lite_node_convert_integer_is8ou8
 .text.forward_lite_node_convert_integer_is8ou8_fast
                0x08018ecc        0x4 ../Middlewares/ST/AI/Lib\NetworkRuntime1010_CM4_GCC.a(forward_lite_convert.o)
                0x08018ecc                forward_lite_node_convert_integer_is8ou8_fast
 .text.forward_lite_dense_is8os8ws8
                0x08018ed0       0x84 ../Middlewares/ST/AI/Lib\NetworkRuntime1010_CM4_GCC.a(forward_lite_dense_is8os8ws8.o)
                0x08018ed0                forward_lite_dense_is8os8ws8
 .text.forward_lite_avepool_is8os8
                0x08018f54       0x4c ../Middlewares/ST/AI/Lib\NetworkRuntime1010_CM4_GCC.a(forward_lite_avepool_is8os8.o)
                0x08018f54                forward_lite_avepool_is8os8
 .text.forward_lite_dw_3x3_sssa8_ch
                0x08018fa0      0xab0 ../Middlewares/ST/AI/Lib\NetworkRuntime1010_CM4_GCC.a(forward_lite_dw_sssa8_ch.o)
                0x08018fa0                forward_lite_dw_3x3_sssa8_ch
 .text.forward_lite_pw_sssa8_ch
                0x08019a50      0x36c ../Middlewares/ST/AI/Lib\NetworkRuntime1010_CM4_GCC.a(forward_lite_pw_sssa8_ch.o)
                0x08019a50                forward_lite_pw_sssa8_ch
 .text.forward_lite_conv2d_deep_3x3_sssa8_ch
                0x08019dbc      0x13c ../Middlewares/ST/AI/Lib\NetworkRuntime1010_CM4_GCC.a(forward_lite_conv2d_sssa8_ch.o)
                0x08019dbc                forward_lite_conv2d_deep_3x3_sssa8_ch
 .text.forward_lite_conv2d_sssa8_ch
                0x08019ef8      0xa3c ../Middlewares/ST/AI/Lib\NetworkRuntime1010_CM4_GCC.a(forward_lite_conv2d_sssa8_ch.o)
                0x08019ef8                forward_lite_conv2d_sssa8_ch
 .text.lite_convert_is8of32
                0x0801a934       0x24 ../Middlewares/ST/AI/Lib\NetworkRuntime1010_CM4_GCC.a(lite_convert_kernel.o)
                0x0801a934                lite_convert_is8of32
 .text.lite_convert_iu8of32
                0x0801a958       0x24 ../Middlewares/ST/AI/Lib\NetworkRuntime1010_CM4_GCC.a(lite_convert_kernel.o)
                0x0801a958                lite_convert_iu8of32
 .text.lite_convert_if32os8
                0x0801a97c       0x6c ../Middlewares/ST/AI/Lib\NetworkRuntime1010_CM4_GCC.a(lite_convert_kernel.o)
                0x0801a97c                lite_convert_if32os8
 .text.lite_convert_if32ou8
                0x0801a9e8       0x40 ../Middlewares/ST/AI/Lib\NetworkRuntime1010_CM4_GCC.a(lite_convert_kernel.o)
                0x0801a9e8                lite_convert_if32ou8
 .text.lite_convert_is8os8
                0x0801aa28       0x80 ../Middlewares/ST/AI/Lib\NetworkRuntime1010_CM4_GCC.a(lite_convert_kernel.o)
                0x0801aa28                lite_convert_is8os8
 .text.lite_convert_iu8ou8
                0x0801aaa8       0x54 ../Middlewares/ST/AI/Lib\NetworkRuntime1010_CM4_GCC.a(lite_convert_kernel.o)
                0x0801aaa8                lite_convert_iu8ou8
 .text.lite_convert_iu8os8
                0x0801aafc       0x80 ../Middlewares/ST/AI/Lib\NetworkRuntime1010_CM4_GCC.a(lite_convert_kernel.o)
                0x0801aafc                lite_convert_iu8os8
 .text.lite_convert_iu8os8_fast
                0x0801ab7c       0x70 ../Middlewares/ST/AI/Lib\NetworkRuntime1010_CM4_GCC.a(lite_convert_kernel.o)
                0x0801ab7c                lite_convert_iu8os8_fast
 .text.lite_convert_is8ou8
                0x0801abec       0x54 ../Middlewares/ST/AI/Lib\NetworkRuntime1010_CM4_GCC.a(lite_convert_kernel.o)
                0x0801abec                lite_convert_is8ou8
 .text.lite_convert_is8ou8_fast
                0x0801ac40       0x68 ../Middlewares/ST/AI/Lib\NetworkRuntime1010_CM4_GCC.a(lite_convert_kernel.o)
                0x0801ac40                lite_convert_is8ou8_fast
 .text.forward_lite_nl_softmax_is8os8
                0x0801aca8       0x14 ../Middlewares/ST/AI/Lib\NetworkRuntime1010_CM4_GCC.a(lite_nl_generic_integer.o)
                0x0801aca8                forward_lite_nl_softmax_is8os8
 .text.forward_lite_nl_softmax_iu8ou8
                0x0801acbc       0x14 ../Middlewares/ST/AI/Lib\NetworkRuntime1010_CM4_GCC.a(lite_nl_generic_integer.o)
                0x0801acbc                forward_lite_nl_softmax_iu8ou8
 .text.forward_lite_pad_8bit_ch1st_3x3_constant_P0022
                0x0801acd0       0x60 ../Middlewares/ST/AI/Lib\NetworkRuntime1010_CM4_GCC.a(forward_lite_pad_generic.o)
                0x0801acd0                forward_lite_pad_8bit_ch1st_3x3_constant_P0022
 .text.forward_lite_pad_8bit_ch1st_3x3_constant_P1111
                0x0801ad30      0x184 ../Middlewares/ST/AI/Lib\NetworkRuntime1010_CM4_GCC.a(forward_lite_pad_generic.o)
                0x0801ad30                forward_lite_pad_8bit_ch1st_3x3_constant_P1111
 .text.forward_lite_pad_constant
                0x0801aeb4      0x13c ../Middlewares/ST/AI/Lib\NetworkRuntime1010_CM4_GCC.a(forward_lite_pad_generic.o)
                0x0801aeb4                forward_lite_pad_constant
 .text.forward_lite_pad_edge
                0x0801aff0       0xe4 ../Middlewares/ST/AI/Lib\NetworkRuntime1010_CM4_GCC.a(forward_lite_pad_generic.o)
                0x0801aff0                forward_lite_pad_edge
 .text.forward_lite_pad_reflect
                0x0801b0d4      0x154 ../Middlewares/ST/AI/Lib\NetworkRuntime1010_CM4_GCC.a(forward_lite_pad_generic.o)
                0x0801b0d4                forward_lite_pad_reflect
 .text.align_factor
                0x0801b228       0xa8 ../Middlewares/ST/AI/Lib\NetworkRuntime1010_CM4_GCC.a(st_align_factor.o)
                0x0801b228                align_factor
 .text.align_factor_ch
                0x0801b2d0       0x60 ../Middlewares/ST/AI/Lib\NetworkRuntime1010_CM4_GCC.a(st_align_factor.o)
                0x0801b2d0                align_factor_ch
 .text.st_int8_to16_no_shift
                0x0801b330       0xc4 ../Middlewares/ST/AI/Lib\NetworkRuntime1010_CM4_GCC.a(st_int8_to16_no_shift.o)
                0x0801b330                st_int8_to16_no_shift
 .text.st_int8_to16_no_shift_interleaved
                0x0801b3f4       0x84 ../Middlewares/ST/AI/Lib\NetworkRuntime1010_CM4_GCC.a(st_int8_to16_no_shift.o)
                0x0801b3f4                st_int8_to16_no_shift_interleaved
 .text.st_int8_to16_dual
                0x0801b478      0x1d8 ../Middlewares/ST/AI/Lib\NetworkRuntime1010_CM4_GCC.a(st_int8_to16_no_shift.o)
                0x0801b478                st_int8_to16_dual
 .text.st_int8_to16_dual_interleaved
                0x0801b650      0x174 ../Middlewares/ST/AI/Lib\NetworkRuntime1010_CM4_GCC.a(st_int8_to16_no_shift.o)
                0x0801b650                st_int8_to16_dual_interleaved
 .text.ai_padding_opt_init
                0x0801b7c4       0xb0 ../Middlewares/ST/AI/Lib\NetworkRuntime1010_CM4_GCC.a(st_padding_opt.o)
                0x0801b7c4                ai_padding_opt_init
 .text.ai_padding_opt_phase1
                0x0801b874       0x34 ../Middlewares/ST/AI/Lib\NetworkRuntime1010_CM4_GCC.a(st_padding_opt.o)
                0x0801b874                ai_padding_opt_phase1
 .text.st_int8_avepool
                0x0801b8a8      0x208 ../Middlewares/ST/AI/Lib\NetworkRuntime1010_CM4_GCC.a(st_int8_pool.o)
                0x0801b8a8                st_int8_avepool
 .text.st_int16_fill
                0x0801bab0       0x40 ../Middlewares/ST/AI/Lib\NetworkRuntime1010_CM4_GCC.a(st_int16_fill.o)
                0x0801bab0                st_int16_fill
 .text.st_f32_to_int16
                0x0801baf0      0x18c ../Middlewares/ST/AI/Lib\NetworkRuntime1010_CM4_GCC.a(st_f32_to_int16.o)
                0x0801baf0                st_f32_to_int16
 .text.st_f32_to_int8
                0x0801bc7c      0x1bc ../Middlewares/ST/AI/Lib\NetworkRuntime1010_CM4_GCC.a(st_f32_to_int8.o)
                0x0801bc7c                st_f32_to_int8
 .text.st_int16_to_f32
                0x0801be38       0xcc ../Middlewares/ST/AI/Lib\NetworkRuntime1010_CM4_GCC.a(st_int16_to_f32.o)
                0x0801be38                st_int16_to_f32
 .text.st_sssa8_ch_convolve_rank1upd
                0x0801bf04      0x128 ../Middlewares/ST/AI/Lib\NetworkRuntime1010_CM4_GCC.a(st_sssa8_ch_convolve.o)
                0x0801bf04                st_sssa8_ch_convolve_rank1upd
 .text.st_sssa8_fully_connected
                0x0801c02c      0x368 ../Middlewares/ST/AI/Lib\NetworkRuntime1010_CM4_GCC.a(st_sssa8_dense.o)
                0x0801c02c                st_sssa8_fully_connected
 .text.st_int8_copy
                0x0801c394      0x13c ../Middlewares/ST/AI/Lib\NetworkRuntime1010_CM4_GCC.a(st_int8_fill.o)
                0x0801c394                st_int8_copy
 .text.st_int8_fill
                0x0801c4d0       0x80 ../Middlewares/ST/AI/Lib\NetworkRuntime1010_CM4_GCC.a(st_int8_fill.o)
                0x0801c4d0                st_int8_fill
 .text.st_int8_reordered_no_shift_zero
                0x0801c550       0x68 ../Middlewares/ST/AI/Lib\NetworkRuntime1010_CM4_GCC.a(st_int8_reordered_no_shift.o)
                0x0801c550                st_int8_reordered_no_shift_zero
 .text.st_sssa8_ch_nn_mat_mult_kernel_single_opt
                0x0801c5b8      0x344 ../Middlewares/ST/AI/Lib\NetworkRuntime1010_CM4_GCC.a(st_sssa8_ch_nn_mat_mult_kernel_single_opt.o)
                0x0801c5b8                st_sssa8_ch_nn_mat_mult_kernel_single_opt
 .text.weights_2channels_prefetch
                0x0801c8fc      0x200 ../Middlewares/ST/AI/Lib\NetworkRuntime1010_CM4_GCC.a(st_sssa8_ch_nn_mat_mult_nt_t.o)
                0x0801c8fc                weights_2channels_prefetch
 .text.st_sssa8_ch_fullW_prefetch
                0x0801cafc       0x7c ../Middlewares/ST/AI/Lib\NetworkRuntime1010_CM4_GCC.a(st_sssa8_ch_nn_mat_mult_nt_t.o)
                0x0801cafc                st_sssa8_ch_fullW_prefetch
 .text.st_int8_to_f32
                0x0801cb78       0xc8 ../Middlewares/ST/AI/Lib\NetworkRuntime1010_CM4_GCC.a(st_int8_to_f32.o)
                0x0801cb78                st_int8_to_f32
 .text.st_sssa8_dense_memopt_loop
                0x0801cc40      0x794 ../Middlewares/ST/AI/Lib\NetworkRuntime1010_CM4_GCC.a(st_sssa8_dense_loop.o)
                0x0801cc40                st_sssa8_dense_loop
                0x0801cff0                st_sssa8_dense_memopt_loop
 *fill*         0x0801d3d4     0x2c2c 
 .text.st_sssa8_ch_nn_mat_mult_deep_conv2d_3x3
                0x08020000      0xb30 ../Middlewares/ST/AI/Lib\NetworkRuntime1010_CM4_GCC.a(st_sssa8_ch_nn_mat_mult_deep_conv2d_3x3.o)
                0x08020000                st_sssa8_ch_nn_mat_mult_deep_conv2d_3x3
 .text.st_sssa8_ch_nn_mat_mult_kernel_opt
                0x08020b30      0x33c ../Middlewares/ST/AI/Lib\NetworkRuntime1010_CM4_GCC.a(st_sssa8_ch_nn_mat_mult_kernel_opt.o)
                0x08020b30                st_sssa8_ch_nn_mat_mult_kernel_opt
 *fill*         0x08020e6c        0x4 
 .text.st_sssa8_ch_nn_mat_mult_pw_nt_t
                0x08020e70      0x760 ../Middlewares/ST/AI/Lib\NetworkRuntime1010_CM4_GCC.a(st_sssa8_ch_nn_mat_mult_pw_nt_t.o)
                0x08020e70                st_sssa8_ch_nn_mat_mult_pw_nt_t
 .text.st_sssa8_ch_nn_mat_mult_pw_nt_t_KWS
                0x080215d0      0x470 ../Middlewares/ST/AI/Lib\NetworkRuntime1010_CM4_GCC.a(st_sssa8_ch_nn_mat_mult_pw_nt_t.o)
                0x080215d0                st_sssa8_ch_nn_mat_mult_pw_nt_t_KWS
 .text.ai_array_to_buffer_fmt
                0x08021a40       0xe0 ../Middlewares/ST/AI/Lib\NetworkRuntime1010_CM4_GCC.a(ai_datatypes_format.o)
                0x08021a40                ai_array_to_buffer_fmt
 .text.ai_array_get_byte_size
                0x08021b20       0x3c ../Middlewares/ST/AI/Lib\NetworkRuntime1010_CM4_GCC.a(ai_datatypes_format.o)
                0x08021b20                ai_array_get_byte_size
 .text.ai_array_get_data_byte_size
                0x08021b5c       0x24 ../Middlewares/ST/AI/Lib\NetworkRuntime1010_CM4_GCC.a(ai_datatypes_format.o)
                0x08021b5c                ai_array_get_data_byte_size
 .text.ai_version_get
                0x08021b80        0xc ../Middlewares/ST/AI/Lib\NetworkRuntime1010_CM4_GCC.a(ai_datatypes_internal.o)
                0x08021b80                ai_version_get
 .text.get_tensor_byte_size
                0x08021b8c       0x30 ../Middlewares/ST/AI/Lib\NetworkRuntime1010_CM4_GCC.a(ai_datatypes_internal.o)
                0x08021b8c                get_tensor_byte_size
 .text._lite_kernel_nl_softmax_is8os8
                0x08021bbc      0xaa8 ../Middlewares/ST/AI/Lib\NetworkRuntime1010_CM4_GCC.a(lite_nl_softmax_is8os8.o)
                0x08021bbc                _lite_kernel_nl_softmax_is8os8
 .text._lite_kernel_nl_softmax_iu8ou8
                0x08022664      0x7d0 ../Middlewares/ST/AI/Lib\NetworkRuntime1010_CM4_GCC.a(lite_nl_softmax_iu8ou8.o)
                0x08022664                _lite_kernel_nl_softmax_iu8ou8
 .text.malloc   0x08022e34       0x10 C:/ST/STM32CubeIDE_1.17.0/STM32CubeIDE/plugins/com.st.stm32cube.ide.mcu.externaltools.gnu-tools-for-stm32.13.3.rel1.win32_1.0.0.202411081344/tools/bin/../lib/gcc/arm-none-eabi/13.3.1/../../../../arm-none-eabi/lib/thumb/v7e-m+fp/hard\libc_nano.a(libc_a-malloc.o)
                0x08022e34                malloc
 .text.sbrk_aligned
                0x08022e44       0x44 C:/ST/STM32CubeIDE_1.17.0/STM32CubeIDE/plugins/com.st.stm32cube.ide.mcu.externaltools.gnu-tools-for-stm32.13.3.rel1.win32_1.0.0.202411081344/tools/bin/../lib/gcc/arm-none-eabi/13.3.1/../../../../arm-none-eabi/lib/thumb/v7e-m+fp/hard\libc_nano.a(libc_a-mallocr.o)
 .text._malloc_r
                0x08022e88      0x100 C:/ST/STM32CubeIDE_1.17.0/STM32CubeIDE/plugins/com.st.stm32cube.ide.mcu.externaltools.gnu-tools-for-stm32.13.3.rel1.win32_1.0.0.202411081344/tools/bin/../lib/gcc/arm-none-eabi/13.3.1/../../../../arm-none-eabi/lib/thumb/v7e-m+fp/hard\libc_nano.a(libc_a-mallocr.o)
                0x08022e88                _malloc_r
 .text.__malloc_lock
                0x08022f88        0xc C:/ST/STM32CubeIDE_1.17.0/STM32CubeIDE/plugins/com.st.stm32cube.ide.mcu.externaltools.gnu-tools-for-stm32.13.3.rel1.win32_1.0.0.202411081344/tools/bin/../lib/gcc/arm-none-eabi/13.3.1/../../../../arm-none-eabi/lib/thumb/v7e-m+fp/hard\libc_nano.a(libc_a-mlock.o)
                0x08022f88                __malloc_lock
 .text.__malloc_unlock
                0x08022f94        0xc C:/ST/STM32CubeIDE_1.17.0/STM32CubeIDE/plugins/com.st.stm32cube.ide.mcu.externaltools.gnu-tools-for-stm32.13.3.rel1.win32_1.0.0.202411081344/tools/bin/../lib/gcc/arm-none-eabi/13.3.1/../../../../arm-none-eabi/lib/thumb/v7e-m+fp/hard\libc_nano.a(libc_a-mlock.o)
                0x08022f94                __malloc_unlock
 .text._realloc_r
                0x08022fa0       0x5c C:/ST/STM32CubeIDE_1.17.0/STM32CubeIDE/plugins/com.st.stm32cube.ide.mcu.externaltools.gnu-tools-for-stm32.13.3.rel1.win32_1.0.0.202411081344/tools/bin/../lib/gcc/arm-none-eabi/13.3.1/../../../../arm-none-eabi/lib/thumb/v7e-m+fp/hard\libc_nano.a(libc_a-reallocr.o)
                0x08022fa0                _realloc_r
 .text.__cvt    0x08022ffc       0xca C:/ST/STM32CubeIDE_1.17.0/STM32CubeIDE/plugins/com.st.stm32cube.ide.mcu.externaltools.gnu-tools-for-stm32.13.3.rel1.win32_1.0.0.202411081344/tools/bin/../lib/gcc/arm-none-eabi/13.3.1/../../../../arm-none-eabi/lib/thumb/v7e-m+fp/hard\libc_nano.a(libc_a-nano-vfprintf_float.o)
                0x08022ffc                __cvt
 .text.__exponent
                0x080230c6       0x74 C:/ST/STM32CubeIDE_1.17.0/STM32CubeIDE/plugins/com.st.stm32cube.ide.mcu.externaltools.gnu-tools-for-stm32.13.3.rel1.win32_1.0.0.202411081344/tools/bin/../lib/gcc/arm-none-eabi/13.3.1/../../../../arm-none-eabi/lib/thumb/v7e-m+fp/hard\libc_nano.a(libc_a-nano-vfprintf_float.o)
                0x080230c6                __exponent
 *fill*         0x0802313a        0x2 
 .text._printf_float
                0x0802313c      0x454 C:/ST/STM32CubeIDE_1.17.0/STM32CubeIDE/plugins/com.st.stm32cube.ide.mcu.externaltools.gnu-tools-for-stm32.13.3.rel1.win32_1.0.0.202411081344/tools/bin/../lib/gcc/arm-none-eabi/13.3.1/../../../../arm-none-eabi/lib/thumb/v7e-m+fp/hard\libc_nano.a(libc_a-nano-vfprintf_float.o)
                0x0802313c                _printf_float
 .text._printf_common
                0x08023590       0xda C:/ST/STM32CubeIDE_1.17.0/STM32CubeIDE/plugins/com.st.stm32cube.ide.mcu.externaltools.gnu-tools-for-stm32.13.3.rel1.win32_1.0.0.202411081344/tools/bin/../lib/gcc/arm-none-eabi/13.3.1/../../../../arm-none-eabi/lib/thumb/v7e-m+fp/hard\libc_nano.a(libc_a-nano-vfprintf_i.o)
                0x08023590                _printf_common
 *fill*         0x0802366a        0x2 
 .text._printf_i
                0x0802366c      0x23c C:/ST/STM32CubeIDE_1.17.0/STM32CubeIDE/plugins/com.st.stm32cube.ide.mcu.externaltools.gnu-tools-for-stm32.13.3.rel1.win32_1.0.0.202411081344/tools/bin/../lib/gcc/arm-none-eabi/13.3.1/../../../../arm-none-eabi/lib/thumb/v7e-m+fp/hard\libc_nano.a(libc_a-nano-vfprintf_i.o)
                0x0802366c                _printf_i
 .text.std      0x080238a8       0x6c C:/ST/STM32CubeIDE_1.17.0/STM32CubeIDE/plugins/com.st.stm32cube.ide.mcu.externaltools.gnu-tools-for-stm32.13.3.rel1.win32_1.0.0.202411081344/tools/bin/../lib/gcc/arm-none-eabi/13.3.1/../../../../arm-none-eabi/lib/thumb/v7e-m+fp/hard\libc_nano.a(libc_a-findfp.o)
 .text.stdio_exit_handler
                0x08023914       0x18 C:/ST/STM32CubeIDE_1.17.0/STM32CubeIDE/plugins/com.st.stm32cube.ide.mcu.externaltools.gnu-tools-for-stm32.13.3.rel1.win32_1.0.0.202411081344/tools/bin/../lib/gcc/arm-none-eabi/13.3.1/../../../../arm-none-eabi/lib/thumb/v7e-m+fp/hard\libc_nano.a(libc_a-findfp.o)
 .text.cleanup_stdio
                0x0802392c       0x40 C:/ST/STM32CubeIDE_1.17.0/STM32CubeIDE/plugins/com.st.stm32cube.ide.mcu.externaltools.gnu-tools-for-stm32.13.3.rel1.win32_1.0.0.202411081344/tools/bin/../lib/gcc/arm-none-eabi/13.3.1/../../../../arm-none-eabi/lib/thumb/v7e-m+fp/hard\libc_nano.a(libc_a-findfp.o)
 .text.global_stdio_init.part.0
                0x0802396c       0x3c C:/ST/STM32CubeIDE_1.17.0/STM32CubeIDE/plugins/com.st.stm32cube.ide.mcu.externaltools.gnu-tools-for-stm32.13.3.rel1.win32_1.0.0.202411081344/tools/bin/../lib/gcc/arm-none-eabi/13.3.1/../../../../arm-none-eabi/lib/thumb/v7e-m+fp/hard\libc_nano.a(libc_a-findfp.o)
 .text.__sfp_lock_acquire
                0x080239a8        0xc C:/ST/STM32CubeIDE_1.17.0/STM32CubeIDE/plugins/com.st.stm32cube.ide.mcu.externaltools.gnu-tools-for-stm32.13.3.rel1.win32_1.0.0.202411081344/tools/bin/../lib/gcc/arm-none-eabi/13.3.1/../../../../arm-none-eabi/lib/thumb/v7e-m+fp/hard\libc_nano.a(libc_a-findfp.o)
                0x080239a8                __sfp_lock_acquire
 .text.__sfp_lock_release
                0x080239b4        0xc C:/ST/STM32CubeIDE_1.17.0/STM32CubeIDE/plugins/com.st.stm32cube.ide.mcu.externaltools.gnu-tools-for-stm32.13.3.rel1.win32_1.0.0.202411081344/tools/bin/../lib/gcc/arm-none-eabi/13.3.1/../../../../arm-none-eabi/lib/thumb/v7e-m+fp/hard\libc_nano.a(libc_a-findfp.o)
                0x080239b4                __sfp_lock_release
 .text.__sinit  0x080239c0       0x30 C:/ST/STM32CubeIDE_1.17.0/STM32CubeIDE/plugins/com.st.stm32cube.ide.mcu.externaltools.gnu-tools-for-stm32.13.3.rel1.win32_1.0.0.202411081344/tools/bin/../lib/gcc/arm-none-eabi/13.3.1/../../../../arm-none-eabi/lib/thumb/v7e-m+fp/hard\libc_nano.a(libc_a-findfp.o)
                0x080239c0                __sinit
 .text._fwalk_sglue
                0x080239f0       0x3c C:/ST/STM32CubeIDE_1.17.0/STM32CubeIDE/plugins/com.st.stm32cube.ide.mcu.externaltools.gnu-tools-for-stm32.13.3.rel1.win32_1.0.0.202411081344/tools/bin/../lib/gcc/arm-none-eabi/13.3.1/../../../../arm-none-eabi/lib/thumb/v7e-m+fp/hard\libc_nano.a(libc_a-fwalk.o)
                0x080239f0                _fwalk_sglue
 .text.printf   0x08023a2c       0x24 C:/ST/STM32CubeIDE_1.17.0/STM32CubeIDE/plugins/com.st.stm32cube.ide.mcu.externaltools.gnu-tools-for-stm32.13.3.rel1.win32_1.0.0.202411081344/tools/bin/../lib/gcc/arm-none-eabi/13.3.1/../../../../arm-none-eabi/lib/thumb/v7e-m+fp/hard\libc_nano.a(libc_a-printf.o)
                0x08023a2c                iprintf
                0x08023a2c                printf
 .text._puts_r  0x08023a50       0xaa C:/ST/STM32CubeIDE_1.17.0/STM32CubeIDE/plugins/com.st.stm32cube.ide.mcu.externaltools.gnu-tools-for-stm32.13.3.rel1.win32_1.0.0.202411081344/tools/bin/../lib/gcc/arm-none-eabi/13.3.1/../../../../arm-none-eabi/lib/thumb/v7e-m+fp/hard\libc_nano.a(libc_a-puts.o)
                0x08023a50                _puts_r
 *fill*         0x08023afa        0x2 
 .text.puts     0x08023afc       0x10 C:/ST/STM32CubeIDE_1.17.0/STM32CubeIDE/plugins/com.st.stm32cube.ide.mcu.externaltools.gnu-tools-for-stm32.13.3.rel1.win32_1.0.0.202411081344/tools/bin/../lib/gcc/arm-none-eabi/13.3.1/../../../../arm-none-eabi/lib/thumb/v7e-m+fp/hard\libc_nano.a(libc_a-puts.o)
                0x08023afc                puts
 .text.snprintf
                0x08023b0c       0x6c C:/ST/STM32CubeIDE_1.17.0/STM32CubeIDE/plugins/com.st.stm32cube.ide.mcu.externaltools.gnu-tools-for-stm32.13.3.rel1.win32_1.0.0.202411081344/tools/bin/../lib/gcc/arm-none-eabi/13.3.1/../../../../arm-none-eabi/lib/thumb/v7e-m+fp/hard\libc_nano.a(libc_a-snprintf.o)
                0x08023b0c                sniprintf
                0x08023b0c                snprintf
 .text.__sread  0x08023b78       0x22 C:/ST/STM32CubeIDE_1.17.0/STM32CubeIDE/plugins/com.st.stm32cube.ide.mcu.externaltools.gnu-tools-for-stm32.13.3.rel1.win32_1.0.0.202411081344/tools/bin/../lib/gcc/arm-none-eabi/13.3.1/../../../../arm-none-eabi/lib/thumb/v7e-m+fp/hard\libc_nano.a(libc_a-stdio.o)
                0x08023b78                __sread
 .text.__swrite
                0x08023b9a       0x38 C:/ST/STM32CubeIDE_1.17.0/STM32CubeIDE/plugins/com.st.stm32cube.ide.mcu.externaltools.gnu-tools-for-stm32.13.3.rel1.win32_1.0.0.202411081344/tools/bin/../lib/gcc/arm-none-eabi/13.3.1/../../../../arm-none-eabi/lib/thumb/v7e-m+fp/hard\libc_nano.a(libc_a-stdio.o)
                0x08023b9a                __swrite
 .text.__sseek  0x08023bd2       0x24 C:/ST/STM32CubeIDE_1.17.0/STM32CubeIDE/plugins/com.st.stm32cube.ide.mcu.externaltools.gnu-tools-for-stm32.13.3.rel1.win32_1.0.0.202411081344/tools/bin/../lib/gcc/arm-none-eabi/13.3.1/../../../../arm-none-eabi/lib/thumb/v7e-m+fp/hard\libc_nano.a(libc_a-stdio.o)
                0x08023bd2                __sseek
 .text.__sclose
                0x08023bf6        0x8 C:/ST/STM32CubeIDE_1.17.0/STM32CubeIDE/plugins/com.st.stm32cube.ide.mcu.externaltools.gnu-tools-for-stm32.13.3.rel1.win32_1.0.0.202411081344/tools/bin/../lib/gcc/arm-none-eabi/13.3.1/../../../../arm-none-eabi/lib/thumb/v7e-m+fp/hard\libc_nano.a(libc_a-stdio.o)
                0x08023bf6                __sclose
 .text.__swbuf_r
                0x08023bfe       0x7c C:/ST/STM32CubeIDE_1.17.0/STM32CubeIDE/plugins/com.st.stm32cube.ide.mcu.externaltools.gnu-tools-for-stm32.13.3.rel1.win32_1.0.0.202411081344/tools/bin/../lib/gcc/arm-none-eabi/13.3.1/../../../../arm-none-eabi/lib/thumb/v7e-m+fp/hard\libc_nano.a(libc_a-wbuf.o)
                0x08023bfe                __swbuf_r
 *fill*         0x08023c7a        0x2 
 .text.__swsetup_r
                0x08023c7c       0xac C:/ST/STM32CubeIDE_1.17.0/STM32CubeIDE/plugins/com.st.stm32cube.ide.mcu.externaltools.gnu-tools-for-stm32.13.3.rel1.win32_1.0.0.202411081344/tools/bin/../lib/gcc/arm-none-eabi/13.3.1/../../../../arm-none-eabi/lib/thumb/v7e-m+fp/hard\libc_nano.a(libc_a-wsetup.o)
                0x08023c7c                __swsetup_r
 .text.memmove  0x08023d28       0x34 C:/ST/STM32CubeIDE_1.17.0/STM32CubeIDE/plugins/com.st.stm32cube.ide.mcu.externaltools.gnu-tools-for-stm32.13.3.rel1.win32_1.0.0.202411081344/tools/bin/../lib/gcc/arm-none-eabi/13.3.1/../../../../arm-none-eabi/lib/thumb/v7e-m+fp/hard\libc_nano.a(libc_a-memmove.o)
                0x08023d28                memmove
 .text.memset   0x08023d5c       0x10 C:/ST/STM32CubeIDE_1.17.0/STM32CubeIDE/plugins/com.st.stm32cube.ide.mcu.externaltools.gnu-tools-for-stm32.13.3.rel1.win32_1.0.0.202411081344/tools/bin/../lib/gcc/arm-none-eabi/13.3.1/../../../../arm-none-eabi/lib/thumb/v7e-m+fp/hard\libc_nano.a(libc_a-memset.o)
                0x08023d5c                memset
 .text._localeconv_r
                0x08023d6c        0x8 C:/ST/STM32CubeIDE_1.17.0/STM32CubeIDE/plugins/com.st.stm32cube.ide.mcu.externaltools.gnu-tools-for-stm32.13.3.rel1.win32_1.0.0.202411081344/tools/bin/../lib/gcc/arm-none-eabi/13.3.1/../../../../arm-none-eabi/lib/thumb/v7e-m+fp/hard\libc_nano.a(libc_a-localeconv.o)
                0x08023d6c                _localeconv_r
 .text._close_r
                0x08023d74       0x20 C:/ST/STM32CubeIDE_1.17.0/STM32CubeIDE/plugins/com.st.stm32cube.ide.mcu.externaltools.gnu-tools-for-stm32.13.3.rel1.win32_1.0.0.202411081344/tools/bin/../lib/gcc/arm-none-eabi/13.3.1/../../../../arm-none-eabi/lib/thumb/v7e-m+fp/hard\libc_nano.a(libc_a-closer.o)
                0x08023d74                _close_r
 .text._lseek_r
                0x08023d94       0x24 C:/ST/STM32CubeIDE_1.17.0/STM32CubeIDE/plugins/com.st.stm32cube.ide.mcu.externaltools.gnu-tools-for-stm32.13.3.rel1.win32_1.0.0.202411081344/tools/bin/../lib/gcc/arm-none-eabi/13.3.1/../../../../arm-none-eabi/lib/thumb/v7e-m+fp/hard\libc_nano.a(libc_a-lseekr.o)
                0x08023d94                _lseek_r
 .text._read_r  0x08023db8       0x24 C:/ST/STM32CubeIDE_1.17.0/STM32CubeIDE/plugins/com.st.stm32cube.ide.mcu.externaltools.gnu-tools-for-stm32.13.3.rel1.win32_1.0.0.202411081344/tools/bin/../lib/gcc/arm-none-eabi/13.3.1/../../../../arm-none-eabi/lib/thumb/v7e-m+fp/hard\libc_nano.a(libc_a-readr.o)
                0x08023db8                _read_r
 .text._sbrk_r  0x08023ddc       0x20 C:/ST/STM32CubeIDE_1.17.0/STM32CubeIDE/plugins/com.st.stm32cube.ide.mcu.externaltools.gnu-tools-for-stm32.13.3.rel1.win32_1.0.0.202411081344/tools/bin/../lib/gcc/arm-none-eabi/13.3.1/../../../../arm-none-eabi/lib/thumb/v7e-m+fp/hard\libc_nano.a(libc_a-sbrkr.o)
                0x08023ddc                _sbrk_r
 .text._write_r
                0x08023dfc       0x24 C:/ST/STM32CubeIDE_1.17.0/STM32CubeIDE/plugins/com.st.stm32cube.ide.mcu.externaltools.gnu-tools-for-stm32.13.3.rel1.win32_1.0.0.202411081344/tools/bin/../lib/gcc/arm-none-eabi/13.3.1/../../../../arm-none-eabi/lib/thumb/v7e-m+fp/hard\libc_nano.a(libc_a-writer.o)
                0x08023dfc                _write_r
 .text.__errno  0x08023e20        0xc C:/ST/STM32CubeIDE_1.17.0/STM32CubeIDE/plugins/com.st.stm32cube.ide.mcu.externaltools.gnu-tools-for-stm32.13.3.rel1.win32_1.0.0.202411081344/tools/bin/../lib/gcc/arm-none-eabi/13.3.1/../../../../arm-none-eabi/lib/thumb/v7e-m+fp/hard\libc_nano.a(libc_a-errno.o)
                0x08023e20                __errno
 .text.__libc_init_array
                0x08023e2c       0x48 C:/ST/STM32CubeIDE_1.17.0/STM32CubeIDE/plugins/com.st.stm32cube.ide.mcu.externaltools.gnu-tools-for-stm32.13.3.rel1.win32_1.0.0.202411081344/tools/bin/../lib/gcc/arm-none-eabi/13.3.1/../../../../arm-none-eabi/lib/thumb/v7e-m+fp/hard\libc_nano.a(libc_a-init.o)
                0x08023e2c                __libc_init_array
 .text.__retarget_lock_init_recursive
                0x08023e74        0x2 C:/ST/STM32CubeIDE_1.17.0/STM32CubeIDE/plugins/com.st.stm32cube.ide.mcu.externaltools.gnu-tools-for-stm32.13.3.rel1.win32_1.0.0.202411081344/tools/bin/../lib/gcc/arm-none-eabi/13.3.1/../../../../arm-none-eabi/lib/thumb/v7e-m+fp/hard\libc_nano.a(libc_a-lock.o)
                0x08023e74                __retarget_lock_init_recursive
 .text.__retarget_lock_acquire_recursive